Archive member included to satisfy reference by file (symbol)

/opt/st/stm32cubeide_1.13.2/plugins/com.st.stm32cube.ide.mcu.externaltools.gnu-tools-for-stm32.11.3.rel1.linux64_1.1.1.202309131626/tools/bin/../lib/gcc/arm-none-eabi/11.3.1/../../../../arm-none-eabi/lib/thumb/v7e-m+fp/hard/libc_nano.a(libc_a-exit.o)
                              /opt/st/stm32cubeide_1.13.2/plugins/com.st.stm32cube.ide.mcu.externaltools.gnu-tools-for-stm32.11.3.rel1.linux64_1.1.1.202309131626/tools/bin/../lib/gcc/arm-none-eabi/11.3.1/../../../../arm-none-eabi/lib/thumb/v7e-m+fp/hard/crt0.o (exit)
/opt/st/stm32cubeide_1.13.2/plugins/com.st.stm32cube.ide.mcu.externaltools.gnu-tools-for-stm32.11.3.rel1.linux64_1.1.1.202309131626/tools/bin/../lib/gcc/arm-none-eabi/11.3.1/../../../../arm-none-eabi/lib/thumb/v7e-m+fp/hard/libc_nano.a(libc_a-findfp.o)
                              /opt/st/stm32cubeide_1.13.2/plugins/com.st.stm32cube.ide.mcu.externaltools.gnu-tools-for-stm32.11.3.rel1.linux64_1.1.1.202309131626/tools/bin/../lib/gcc/arm-none-eabi/11.3.1/../../../../arm-none-eabi/lib/thumb/v7e-m+fp/hard/libc_nano.a(libc_a-exit.o) (__stdio_exit_handler)
/opt/st/stm32cubeide_1.13.2/plugins/com.st.stm32cube.ide.mcu.externaltools.gnu-tools-for-stm32.11.3.rel1.linux64_1.1.1.202309131626/tools/bin/../lib/gcc/arm-none-eabi/11.3.1/../../../../arm-none-eabi/lib/thumb/v7e-m+fp/hard/libc_nano.a(libc_a-fwalk.o)
                              /opt/st/stm32cubeide_1.13.2/plugins/com.st.stm32cube.ide.mcu.externaltools.gnu-tools-for-stm32.11.3.rel1.linux64_1.1.1.202309131626/tools/bin/../lib/gcc/arm-none-eabi/11.3.1/../../../../arm-none-eabi/lib/thumb/v7e-m+fp/hard/libc_nano.a(libc_a-findfp.o) (_fwalk_sglue)
/opt/st/stm32cubeide_1.13.2/plugins/com.st.stm32cube.ide.mcu.externaltools.gnu-tools-for-stm32.11.3.rel1.linux64_1.1.1.202309131626/tools/bin/../lib/gcc/arm-none-eabi/11.3.1/../../../../arm-none-eabi/lib/thumb/v7e-m+fp/hard/libc_nano.a(libc_a-stdio.o)
                              /opt/st/stm32cubeide_1.13.2/plugins/com.st.stm32cube.ide.mcu.externaltools.gnu-tools-for-stm32.11.3.rel1.linux64_1.1.1.202309131626/tools/bin/../lib/gcc/arm-none-eabi/11.3.1/../../../../arm-none-eabi/lib/thumb/v7e-m+fp/hard/libc_nano.a(libc_a-findfp.o) (__sread)
/opt/st/stm32cubeide_1.13.2/plugins/com.st.stm32cube.ide.mcu.externaltools.gnu-tools-for-stm32.11.3.rel1.linux64_1.1.1.202309131626/tools/bin/../lib/gcc/arm-none-eabi/11.3.1/../../../../arm-none-eabi/lib/thumb/v7e-m+fp/hard/libc_nano.a(libc_a-memset.o)
                              /opt/st/stm32cubeide_1.13.2/plugins/com.st.stm32cube.ide.mcu.externaltools.gnu-tools-for-stm32.11.3.rel1.linux64_1.1.1.202309131626/tools/bin/../lib/gcc/arm-none-eabi/11.3.1/../../../../arm-none-eabi/lib/thumb/v7e-m+fp/hard/crt0.o (memset)
/opt/st/stm32cubeide_1.13.2/plugins/com.st.stm32cube.ide.mcu.externaltools.gnu-tools-for-stm32.11.3.rel1.linux64_1.1.1.202309131626/tools/bin/../lib/gcc/arm-none-eabi/11.3.1/../../../../arm-none-eabi/lib/thumb/v7e-m+fp/hard/libc_nano.a(libc_a-closer.o)
                              /opt/st/stm32cubeide_1.13.2/plugins/com.st.stm32cube.ide.mcu.externaltools.gnu-tools-for-stm32.11.3.rel1.linux64_1.1.1.202309131626/tools/bin/../lib/gcc/arm-none-eabi/11.3.1/../../../../arm-none-eabi/lib/thumb/v7e-m+fp/hard/libc_nano.a(libc_a-stdio.o) (_close_r)
/opt/st/stm32cubeide_1.13.2/plugins/com.st.stm32cube.ide.mcu.externaltools.gnu-tools-for-stm32.11.3.rel1.linux64_1.1.1.202309131626/tools/bin/../lib/gcc/arm-none-eabi/11.3.1/../../../../arm-none-eabi/lib/thumb/v7e-m+fp/hard/libc_nano.a(libc_a-reent.o)
                              /opt/st/stm32cubeide_1.13.2/plugins/com.st.stm32cube.ide.mcu.externaltools.gnu-tools-for-stm32.11.3.rel1.linux64_1.1.1.202309131626/tools/bin/../lib/gcc/arm-none-eabi/11.3.1/../../../../arm-none-eabi/lib/thumb/v7e-m+fp/hard/libc_nano.a(libc_a-closer.o) (errno)
/opt/st/stm32cubeide_1.13.2/plugins/com.st.stm32cube.ide.mcu.externaltools.gnu-tools-for-stm32.11.3.rel1.linux64_1.1.1.202309131626/tools/bin/../lib/gcc/arm-none-eabi/11.3.1/../../../../arm-none-eabi/lib/thumb/v7e-m+fp/hard/libc_nano.a(libc_a-impure.o)
                              /opt/st/stm32cubeide_1.13.2/plugins/com.st.stm32cube.ide.mcu.externaltools.gnu-tools-for-stm32.11.3.rel1.linux64_1.1.1.202309131626/tools/bin/../lib/gcc/arm-none-eabi/11.3.1/../../../../arm-none-eabi/lib/thumb/v7e-m+fp/hard/libc_nano.a(libc_a-reent.o) (_impure_ptr)
/opt/st/stm32cubeide_1.13.2/plugins/com.st.stm32cube.ide.mcu.externaltools.gnu-tools-for-stm32.11.3.rel1.linux64_1.1.1.202309131626/tools/bin/../lib/gcc/arm-none-eabi/11.3.1/../../../../arm-none-eabi/lib/thumb/v7e-m+fp/hard/libc_nano.a(libc_a-lseekr.o)
                              /opt/st/stm32cubeide_1.13.2/plugins/com.st.stm32cube.ide.mcu.externaltools.gnu-tools-for-stm32.11.3.rel1.linux64_1.1.1.202309131626/tools/bin/../lib/gcc/arm-none-eabi/11.3.1/../../../../arm-none-eabi/lib/thumb/v7e-m+fp/hard/libc_nano.a(libc_a-stdio.o) (_lseek_r)
[...]
Memory Configuration

Name             Origin             Length             Attributes
RAM              0x0000000020000000 0x0000000000008000 xrw
FLASH            0x0000000008000000 0x0000000000020000 xr
*default*        0x0000000000000000 0xffffffffffffffff

Linker script and memory map

LOAD /opt/st/stm32cubeide_1.13.2/plugins/com.st.stm32cube.ide.mcu.externaltools.gnu-tools-for-stm32.11.3.rel1.linux64_1.1.1.202309131626/tools/bin/../lib/gcc/arm-none-eabi/11.3.1/thumb/v7e-m+fp/hard/crti.o
LOAD /opt/st/stm32cubeide_1.13.2/plugins/com.st.stm32cube.ide.mcu.externaltools.gnu-tools-for-stm32.11.3.rel1.linux64_1.1.1.202309131626/tools/bin/../lib/gcc/arm-none-eabi/11.3.1/thumb/v7e-m+fp/hard/crtbegin.o
LOAD /opt/st/stm32cubeide_1.13.2/plugins/com.st.stm32cube.ide.mcu.externaltools.gnu-tools-for-stm32.11.3.rel1.linux64_1.1.1.202309131626/tools/bin/../lib/gcc/arm-none-eabi/11.3.1/../../../../arm-none-eabi/lib/thumb/v7e-m+fp/hard/crt0.o
LOAD ./Core/Src/dz_pid.o
LOAD ./Core/Src/encoder.o
LOAD ./Core/Src/encoder_init.o
LOAD ./Core/Src/main.o
LOAD ./Core/Src/stm32g4xx_hal_msp.o
LOAD ./Core/Src/stm32g4xx_it.o
LOAD ./Core/Src/syscalls.o
LOAD ./Core/Src/sysmem.o
LOAD ./Core/Src/system_stm32g4xx.o
LOAD ./Core/Startup/startup_stm32g431rbtx.o
LOAD ./Drivers/STM32G4xx_HAL_Driver/Src/stm32g4xx_hal.o
LOAD ./Drivers/STM32G4xx_HAL_Driver/Src/stm32g4xx_hal_adc.o
LOAD ./Drivers/STM32G4xx_HAL_Driver/Src/stm32g4xx_hal_adc_ex.o
LOAD ./Drivers/STM32G4xx_HAL_Driver/Src/stm32g4xx_hal_cortex.o
LOAD ./Drivers/STM32G4xx_HAL_Driver/Src/stm32g4xx_hal_dma.o
LOAD ./Drivers/STM32G4xx_HAL_Driver/Src/stm32g4xx_hal_dma_ex.o
LOAD ./Drivers/STM32G4xx_HAL_Driver/Src/stm32g4xx_hal_exti.o
LOAD ./Drivers/STM32G4xx_HAL_Driver/Src/stm32g4xx_hal_flash.o
LOAD ./Drivers/STM32G4xx_HAL_Driver/Src/stm32g4xx_hal_flash_ex.o
LOAD ./Drivers/STM32G4xx_HAL_Driver/Src/stm32g4xx_hal_flash_ramfunc.o
LOAD ./Drivers/STM32G4xx_HAL_Driver/Src/stm32g4xx_hal_gpio.o
LOAD ./Drivers/STM32G4xx_HAL_Driver/Src/stm32g4xx_hal_pwr.o
LOAD ./Drivers/STM32G4xx_HAL_Driver/Src/stm32g4xx_hal_pwr_ex.o
LOAD ./Drivers/STM32G4xx_HAL_Driver/Src/stm32g4xx_hal_rcc.o
LOAD ./Drivers/STM32G4xx_HAL_Driver/Src/stm32g4xx_hal_rcc_ex.o
LOAD ./Drivers/STM32G4xx_HAL_Driver/Src/stm32g4xx_hal_spi.o
LOAD ./Drivers/STM32G4xx_HAL_Driver/Src/stm32g4xx_hal_spi_ex.o
LOAD ./Drivers/STM32G4xx_HAL_Driver/Src/stm32g4xx_hal_tim.o
LOAD ./Drivers/STM32G4xx_HAL_Driver/Src/stm32g4xx_hal_tim_ex.o
LOAD ./Drivers/STM32G4xx_HAL_Driver/Src/stm32g4xx_ll_adc.o
START GROUP
LOAD /opt/st/stm32cubeide_1.13.2/plugins/com.st.stm32cube.ide.mcu.externaltools.gnu-tools-for-stm32.11.3.rel1.linux64_1.1.1.202309131626/tools/bin/../lib/gcc/arm-none-eabi/11.3.1/../../../../arm-none-eabi/lib/thumb/v7e-m+fp/hard/libc_nano.a
LOAD /opt/st/stm32cubeide_1.13.2/plugins/com.st.stm32cube.ide.mcu.externaltools.gnu-tools-for-stm32.11.3.rel1.linux64_1.1.1.202309131626/tools/bin/../lib/gcc/arm-none-eabi/11.3.1/../../../../arm-none-eabi/lib/thumb/v7e-m+fp/hard/libm.a
END GROUP
START GROUP
LOAD /opt/st/stm32cubeide_1.13.2/plugins/com.st.stm32cube.ide.mcu.externaltools.gnu-tools-for-stm32.11.3.rel1.linux64_1.1.1.202309131626/tools/bin/../lib/gcc/arm-none-eabi/11.3.1/thumb/v7e-m+fp/hard/libgcc.a
LOAD /opt/st/stm32cubeide_1.13.2/plugins/com.st.stm32cube.ide.mcu.externaltools.gnu-tools-for-stm32.11.3.rel1.linux64_1.1.1.202309131626/tools/bin/../lib/gcc/arm-none-eabi/11.3.1/../../../../arm-none-eabi/lib/thumb/v7e-m+fp/hard/libc_nano.a
END GROUP
START GROUP
LOAD /opt/st/stm32cubeide_1.13.2/plugins/com.st.stm32cube.ide.mcu.externaltools.gnu-tools-for-stm32.11.3.rel1.linux64_1.1.1.202309131626/tools/bin/../lib/gcc/arm-none-eabi/11.3.1/thumb/v7e-m+fp/hard/libgcc.a
LOAD /opt/st/stm32cubeide_1.13.2/plugins/com.st.stm32cube.ide.mcu.externaltools.gnu-tools-for-stm32.11.3.rel1.linux64_1.1.1.202309131626/tools/bin/../lib/gcc/arm-none-eabi/11.3.1/../../../../arm-none-eabi/lib/thumb/v7e-m+fp/hard/libc_nano.a
LOAD /opt/st/stm32cubeide_1.13.2/plugins/com.st.stm32cube.ide.mcu.externaltools.gnu-tools-for-stm32.11.3.rel1.linux64_1.1.1.202309131626/tools/bin/../lib/gcc/arm-none-eabi/11.3.1/../../../../arm-none-eabi/lib/thumb/v7e-m+fp/hard/libnosys.a
END GROUP
START GROUP
LOAD /opt/st/stm32cubeide_1.13.2/plugins/com.st.stm32cube.ide.mcu.externaltools.gnu-tools-for-stm32.11.3.rel1.linux64_1.1.1.202309131626/tools/bin/../lib/gcc/arm-none-eabi/11.3.1/thumb/v7e-m+fp/hard/libgcc.a
LOAD /opt/st/stm32cubeide_1.13.2/plugins/com.st.stm32cube.ide.mcu.externaltools.gnu-tools-for-stm32.11.3.rel1.linux64_1.1.1.202309131626/tools/bin/../lib/gcc/arm-none-eabi/11.3.1/../../../../arm-none-eabi/lib/thumb/v7e-m+fp/hard/libc_nano.a
LOAD /opt/st/stm32cubeide_1.13.2/plugins/com.st.stm32cube.ide.mcu.externaltools.gnu-tools-for-stm32.11.3.rel1.linux64_1.1.1.202309131626/tools/bin/../lib/gcc/arm-none-eabi/11.3.1/../../../../arm-none-eabi/lib/thumb/v7e-m+fp/hard/libnosys.a
END GROUP
LOAD /opt/st/stm32cubeide_1.13.2/plugins/com.st.stm32cube.ide.mcu.externaltools.gnu-tools-for-stm32.11.3.rel1.linux64_1.1.1.202309131626/tools/bin/../lib/gcc/arm-none-eabi/11.3.1/thumb/v7e-m+fp/hard/crtend.o
LOAD /opt/st/stm32cubeide_1.13.2/plugins/com.st.stm32cube.ide.mcu.externaltools.gnu-tools-for-stm32.11.3.rel1.linux64_1.1.1.202309131626/tools/bin/../lib/gcc/arm-none-eabi/11.3.1/thumb/v7e-m+fp/hard/crtn.o
                0x0000000020008000                _estack = (ORIGIN (RAM) + LENGTH (RAM))
                0x0000000000000200                _Min_Heap_Size = 0x200
                0x0000000000000400                _Min_Stack_Size = 0x400

.isr_vector     0x0000000008000000      0x1d8
                0x0000000008000000                . = ALIGN (0x4)
 *(.isr_vector)
 .isr_vector    0x0000000008000000      0x1d8 ./Core/Startup/startup_stm32g431rbtx.o
                0x0000000008000000                g_pfnVectors
                0x00000000080001d8                . = ALIGN (0x4)

.text           0x00000000080001d8     0x7178
                0x00000000080001d8                . = ALIGN (0x4)
 *(.text)
 .text          0x00000000080001d8       0x40 /opt/st/stm32cubeide_1.13.2/plugins/com.st.stm32cube.ide.mcu.externaltools.gnu-tools-for-stm32.11.3.rel1.linux64_1.1.1.202309131626/tools/bin/../lib/gcc/arm-none-eabi/11.3.1/thumb/v7e-m+fp/hard/crtbegin.o
 .text          0x0000000008000218      0x378 /opt/st/stm32cubeide_1.13.2/plugins/com.st.stm32cube.ide.mcu.externaltools.gnu-tools-for-stm32.11.3.rel1.linux64_1.1.1.202309131626/tools/bin/../lib/gcc/arm-none-eabi/11.3.1/thumb/v7e-m+fp/hard/libgcc.a(_arm_addsubdf3.o)
                0x0000000008000218                __aeabi_drsub
                0x0000000008000220                __aeabi_dsub
                0x0000000008000220                __subdf3
                0x0000000008000224                __adddf3
                0x0000000008000224                __aeabi_dadd
                0x000000000800049c                __aeabi_ui2d
                0x000000000800049c                __floatunsidf
                0x00000000080004bc                __floatsidf
                0x00000000080004bc                __aeabi_i2d
                0x00000000080004e0                __extendsfdf2
                0x00000000080004e0                __aeabi_f2d
                0x0000000008000524                __aeabi_ul2d
                0x0000000008000524                __floatundidf
                0x0000000008000534                __floatdidf
                0x0000000008000534                __aeabi_l2d
 .text          0x0000000008000590      0x424 /opt/st/stm32cubeide_1.13.2/plugins/com.st.stm32cube.ide.mcu.externaltools.gnu-tools-for-stm32.11.3.rel1.linux64_1.1.1.202309131626/tools/bin/../lib/gcc/arm-none-eabi/11.3.1/thumb/v7e-m+fp/hard/libgcc.a(_arm_muldivdf3.o)
                0x0000000008000590                __aeabi_dmul
                0x0000000008000590                __muldf3
                0x00000000080007e4                __aeabi_ddiv
                0x00000000080007e4                __divdf3
 .text          0x00000000080009b4      0x110 /opt/st/stm32cubeide_1.13.2/plugins/com.st.stm32cube.ide.mcu.externaltools.gnu-tools-for-stm32.11.3.rel1.linux64_1.1.1.202309131626/tools/bin/../lib/gcc/arm-none-eabi/11.3.1/thumb/v7e-m+fp/hard/libgcc.a(_arm_cmpdf2.o)
                0x00000000080009b4                __gtdf2
                0x00000000080009b4                __gedf2
                0x00000000080009bc                __ltdf2
                0x00000000080009bc                __ledf2
                0x00000000080009c4                __cmpdf2
                0x00000000080009c4                __eqdf2
                0x00000000080009c4                __nedf2
                0x0000000008000a40                __aeabi_cdrcmple
                0x0000000008000a50                __aeabi_cdcmple
                0x0000000008000a50                __aeabi_cdcmpeq
                0x0000000008000a60                __aeabi_dcmpeq
                0x0000000008000a74                __aeabi_dcmplt
                0x0000000008000a88                __aeabi_dcmple
                0x0000000008000a9c                __aeabi_dcmpge
                0x0000000008000ab0                __aeabi_dcmpgt
 .text          0x0000000008000ac4       0x50 /opt/st/stm32cubeide_1.13.2/plugins/com.st.stm32cube.ide.mcu.externaltools.gnu-tools-for-stm32.11.3.rel1.linux64_1.1.1.202309131626/tools/bin/../lib/gcc/arm-none-eabi/11.3.1/thumb/v7e-m+fp/hard/libgcc.a(_arm_fixdfsi.o)
                0x0000000008000ac4                __fixdfsi
                0x0000000008000ac4                __aeabi_d2iz
 .text          0x0000000008000b14       0x40 /opt/st/stm32cubeide_1.13.2/plugins/com.st.stm32cube.ide.mcu.externaltools.gnu-tools-for-stm32.11.3.rel1.linux64_1.1.1.202309131626/tools/bin/../lib/gcc/arm-none-eabi/11.3.1/thumb/v7e-m+fp/hard/libgcc.a(_arm_fixunsdfsi.o)
                0x0000000008000b14                __fixunsdfsi
                0x0000000008000b14                __aeabi_d2uiz
 *(.text*)
 *fill*         0x0000000008000b54        0x4 
 .text.pidCalculate
                0x0000000008000b58      0x178 ./Core/Src/dz_pid.o
                0x0000000008000b58                pidCalculate
 .text.as5047p_sendData
                0x0000000008000cd0       0x5c ./Core/Src/encoder.o
                0x0000000008000cd0                as5047p_sendData
 .text.as5047p_readData
                0x0000000008000d2c       0x28 ./Core/Src/encoder.o
                0x0000000008000d2c                as5047p_readData
 .text.as5047p_sendCommand
                0x0000000008000d54       0x68 ./Core/Src/encoder.o
 .text.as5047p_nop
                0x0000000008000dbc       0x1a ./Core/Src/encoder.o
 .text.is_evenParity
                0x0000000008000dd6       0x4c ./Core/Src/encoder.o
 .text.as5047p_config
                0x0000000008000e22       0x54 ./Core/Src/encoder.o
                0x0000000008000e22                as5047p_config
 .text.as5047p_setZero
                0x0000000008000e76       0x40 ./Core/Src/encoder.o
                0x0000000008000e76                as5047p_setZero
 *fill*         0x0000000008000eb6        0x2 
 .text.spi_write
                0x0000000008000eb8       0x6c ./Core/Src/encoder_init.o
                0x0000000008000eb8                spi_write
 .text.spi_read
                0x0000000008000f24       0x64 ./Core/Src/encoder_init.o
                0x0000000008000f24                spi_read
 .text.delay    0x0000000008000f88        0xe ./Core/Src/encoder_init.o
                0x0000000008000f88                delay
 *fill*         0x0000000008000f96        0x2 
 .text.encoder_init
                0x0000000008000f98       0x34 ./Core/Src/encoder_init.o
                0x0000000008000f98                encoder_init
 .text.readHallPosition
                0x0000000008000fcc      0x158 ./Core/Src/main.o
                0x0000000008000fcc                readHallPosition
 .text.setMotorPosition
                0x0000000008001124      0x160 ./Core/Src/main.o
                0x0000000008001124                setMotorPosition
 .text.getSpeed
                0x0000000008001284       0x54 ./Core/Src/main.o
                0x0000000008001284                getSpeed
 .text.HAL_TIM_PeriodElapsedCallback
                0x00000000080012d8       0x7c ./Core/Src/main.o
                0x00000000080012d8                HAL_TIM_PeriodElapsedCallback
 .text.main     0x0000000008001354       0xc4 ./Core/Src/main.o
                0x0000000008001354                main
 .text.SystemClock_Config
                0x0000000008001418       0x96 ./Core/Src/main.o
                0x0000000008001418                SystemClock_Config
 *fill*         0x00000000080014ae        0x2 
 .text.MX_ADC1_Init
                0x00000000080014b0       0xf0 ./Core/Src/main.o
 .text.MX_SPI3_Init
                0x00000000080015a0       0x7c ./Core/Src/main.o
 .text.MX_TIM1_Init
                0x000000000800161c      0x194 ./Core/Src/main.o
 .text.MX_TIM6_Init
                0x00000000080017b0       0x6c ./Core/Src/main.o
 .text.MX_TIM15_Init
                0x000000000800181c       0xa4 ./Core/Src/main.o
 .text.MX_GPIO_Init
                0x00000000080018c0      0x144 ./Core/Src/main.o
 .text.Error_Handler
                0x0000000008001a04        0xa ./Core/Src/main.o
                0x0000000008001a04                Error_Handler
 *fill*         0x0000000008001a0e        0x2 
 .text.HAL_MspInit
                0x0000000008001a10       0x48 ./Core/Src/stm32g4xx_hal_msp.o
                0x0000000008001a10                HAL_MspInit
 .text.HAL_ADC_MspInit
                0x0000000008001a58       0xa8 ./Core/Src/stm32g4xx_hal_msp.o
                0x0000000008001a58                HAL_ADC_MspInit
 .text.HAL_SPI_MspInit
                0x0000000008001b00       0x88 ./Core/Src/stm32g4xx_hal_msp.o
                0x0000000008001b00                HAL_SPI_MspInit
 .text.HAL_TIM_Base_MspInit
                0x0000000008001b88       0x9c ./Core/Src/stm32g4xx_hal_msp.o
                0x0000000008001b88                HAL_TIM_Base_MspInit
 .text.HAL_TIM_MspPostInit
                0x0000000008001c24       0xd0 ./Core/Src/stm32g4xx_hal_msp.o
                0x0000000008001c24                HAL_TIM_MspPostInit
 .text.NMI_Handler
                0x0000000008001cf4        0x6 ./Core/Src/stm32g4xx_it.o
                0x0000000008001cf4                NMI_Handler
 .text.HardFault_Handler
                0x0000000008001cfa        0x6 ./Core/Src/stm32g4xx_it.o
                0x0000000008001cfa                HardFault_Handler
 .text.MemManage_Handler
                0x0000000008001d00        0x6 ./Core/Src/stm32g4xx_it.o
                0x0000000008001d00                MemManage_Handler
 .text.BusFault_Handler
                0x0000000008001d06        0x6 ./Core/Src/stm32g4xx_it.o
                0x0000000008001d06                BusFault_Handler
 .text.UsageFault_Handler
                0x0000000008001d0c        0x6 ./Core/Src/stm32g4xx_it.o
                0x0000000008001d0c                UsageFault_Handler
 .text.SVC_Handler
                0x0000000008001d12        0xe ./Core/Src/stm32g4xx_it.o
                0x0000000008001d12                SVC_Handler
 .text.DebugMon_Handler
                0x0000000008001d20        0xe ./Core/Src/stm32g4xx_it.o
                0x0000000008001d20                DebugMon_Handler
 .text.PendSV_Handler
                0x0000000008001d2e        0xe ./Core/Src/stm32g4xx_it.o
                0x0000000008001d2e                PendSV_Handler
 .text.SysTick_Handler
                0x0000000008001d3c        0xc ./Core/Src/stm32g4xx_it.o
                0x0000000008001d3c                SysTick_Handler
 .text.TIM6_DAC_IRQHandler
                0x0000000008001d48       0x14 ./Core/Src/stm32g4xx_it.o
                0x0000000008001d48                TIM6_DAC_IRQHandler
 .text.SystemInit
                0x0000000008001d5c       0x24 ./Core/Src/system_stm32g4xx.o
                0x0000000008001d5c                SystemInit
 .text.Reset_Handler
                0x0000000008001d80       0x50 ./Core/Startup/startup_stm32g431rbtx.o
                0x0000000008001d80                Reset_Handler
 .text.Default_Handler
                0x0000000008001dd0        0x2 ./Core/Startup/startup_stm32g431rbtx.o
                0x0000000008001dd0                RTC_Alarm_IRQHandler
                0x0000000008001dd0                EXTI2_IRQHandler
                0x0000000008001dd0                TIM8_TRG_COM_IRQHandler
                0x0000000008001dd0                TIM8_CC_IRQHandler
                0x0000000008001dd0                TIM1_CC_IRQHandler
                0x0000000008001dd0                USB_HP_IRQHandler
                0x0000000008001dd0                CORDIC_IRQHandler
                0x0000000008001dd0                EXTI3_IRQHandler
                0x0000000008001dd0                I2C3_ER_IRQHandler
                0x0000000008001dd0                EXTI0_IRQHandler
                0x0000000008001dd0                I2C2_EV_IRQHandler
                0x0000000008001dd0                FPU_IRQHandler
                0x0000000008001dd0                FDCAN1_IT1_IRQHandler
                0x0000000008001dd0                TIM1_UP_TIM16_IRQHandler
                0x0000000008001dd0                ADC1_2_IRQHandler
                0x0000000008001dd0                SPI1_IRQHandler
                0x0000000008001dd0                TIM8_UP_IRQHandler
                0x0000000008001dd0                DMA2_Channel2_IRQHandler
                0x0000000008001dd0                DMA1_Channel4_IRQHandler
                0x0000000008001dd0                USART3_IRQHandler
                0x0000000008001dd0                TIM4_IRQHandler
                0x0000000008001dd0                DMA2_Channel1_IRQHandler
                0x0000000008001dd0                I2C1_EV_IRQHandler
                0x0000000008001dd0                DMA1_Channel6_IRQHandler
                0x0000000008001dd0                UART4_IRQHandler
                0x0000000008001dd0                DMA2_Channel4_IRQHandler
                0x0000000008001dd0                TIM3_IRQHandler
                0x0000000008001dd0                RCC_IRQHandler
                0x0000000008001dd0                DMA1_Channel1_IRQHandler
                0x0000000008001dd0                Default_Handler
                0x0000000008001dd0                RTC_TAMP_LSECSS_IRQHandler
                0x0000000008001dd0                FMAC_IRQHandler
                0x0000000008001dd0                EXTI15_10_IRQHandler
                0x0000000008001dd0                TIM7_IRQHandler
                0x0000000008001dd0                UCPD1_IRQHandler
                0x0000000008001dd0                I2C3_EV_IRQHandler
                0x0000000008001dd0                EXTI9_5_IRQHandler
                0x0000000008001dd0                RTC_WKUP_IRQHandler
                0x0000000008001dd0                PVD_PVM_IRQHandler
                0x0000000008001dd0                SPI2_IRQHandler
                0x0000000008001dd0                DMA2_Channel5_IRQHandler
                0x0000000008001dd0                CRS_IRQHandler
                0x0000000008001dd0                DMA1_Channel5_IRQHandler
                0x0000000008001dd0                USB_LP_IRQHandler
                0x0000000008001dd0                EXTI4_IRQHandler
                0x0000000008001dd0                RNG_IRQHandler
                0x0000000008001dd0                TIM1_TRG_COM_TIM17_IRQHandler
                0x0000000008001dd0                DMA1_Channel3_IRQHandler
                0x0000000008001dd0                WWDG_IRQHandler
                0x0000000008001dd0                LPUART1_IRQHandler
                0x0000000008001dd0                DMA2_Channel6_IRQHandler
                0x0000000008001dd0                FDCAN1_IT0_IRQHandler
                0x0000000008001dd0                TIM2_IRQHandler
                0x0000000008001dd0                COMP1_2_3_IRQHandler
                0x0000000008001dd0                EXTI1_IRQHandler
                0x0000000008001dd0                USART2_IRQHandler
                0x0000000008001dd0                I2C2_ER_IRQHandler
                0x0000000008001dd0                DMA1_Channel2_IRQHandler
                0x0000000008001dd0                TIM8_BRK_IRQHandler
                0x0000000008001dd0                FLASH_IRQHandler
                0x0000000008001dd0                USART1_IRQHandler
                0x0000000008001dd0                SPI3_IRQHandler
                0x0000000008001dd0                I2C1_ER_IRQHandler
                0x0000000008001dd0                LPTIM1_IRQHandler
                0x0000000008001dd0                DMAMUX_OVR_IRQHandler
                0x0000000008001dd0                USBWakeUp_IRQHandler
                0x0000000008001dd0                SAI1_IRQHandler
                0x0000000008001dd0                DMA2_Channel3_IRQHandler
                0x0000000008001dd0                COMP4_IRQHandler
                0x0000000008001dd0                TIM1_BRK_TIM15_IRQHandler
 .text.HAL_Init
                0x0000000008001dd2       0x30 ./Drivers/STM32G4xx_HAL_Driver/Src/stm32g4xx_hal.o
                0x0000000008001dd2                HAL_Init
 *fill*         0x0000000008001e02        0x2 
 .text.HAL_InitTick
                0x0000000008001e04       0x74 ./Drivers/STM32G4xx_HAL_Driver/Src/stm32g4xx_hal.o
                0x0000000008001e04                HAL_InitTick
 .text.HAL_IncTick
                0x0000000008001e78       0x24 ./Drivers/STM32G4xx_HAL_Driver/Src/stm32g4xx_hal.o
                0x0000000008001e78                HAL_IncTick
 .text.HAL_GetTick
                0x0000000008001e9c       0x18 ./Drivers/STM32G4xx_HAL_Driver/Src/stm32g4xx_hal.o
                0x0000000008001e9c                HAL_GetTick
 .text.HAL_Delay
                0x0000000008001eb4       0x44 ./Drivers/STM32G4xx_HAL_Driver/Src/stm32g4xx_hal.o
                0x0000000008001eb4                HAL_Delay
 .text.LL_ADC_SetCommonClock
                0x0000000008001ef8       0x26 ./Drivers/STM32G4xx_HAL_Driver/Src/stm32g4xx_hal_adc.o
 .text.LL_ADC_SetCommonPathInternalCh
                0x0000000008001f1e       0x26 ./Drivers/STM32G4xx_HAL_Driver/Src/stm32g4xx_hal_adc.o
 .text.LL_ADC_GetCommonPathInternalCh
                0x0000000008001f44       0x1c ./Drivers/STM32G4xx_HAL_Driver/Src/stm32g4xx_hal_adc.o
 .text.LL_ADC_SetOffset
                0x0000000008001f60       0x48 ./Drivers/STM32G4xx_HAL_Driver/Src/stm32g4xx_hal_adc.o
 .text.LL_ADC_GetOffsetChannel
                0x0000000008001fa8       0x2c ./Drivers/STM32G4xx_HAL_Driver/Src/stm32g4xx_hal_adc.o
 .text.LL_ADC_SetOffsetState
                0x0000000008001fd4       0x36 ./Drivers/STM32G4xx_HAL_Driver/Src/stm32g4xx_hal_adc.o
 .text.LL_ADC_SetOffsetSign
                0x000000000800200a       0x36 ./Drivers/STM32G4xx_HAL_Driver/Src/stm32g4xx_hal_adc.o
 .text.LL_ADC_SetOffsetSaturation
                0x0000000008002040       0x36 ./Drivers/STM32G4xx_HAL_Driver/Src/stm32g4xx_hal_adc.o
 .text.LL_ADC_SetSamplingTimeCommonConfig
                0x0000000008002076       0x26 ./Drivers/STM32G4xx_HAL_Driver/Src/stm32g4xx_hal_adc.o
 .text.LL_ADC_REG_IsTriggerSourceSWStart
                0x000000000800209c       0x26 ./Drivers/STM32G4xx_HAL_Driver/Src/stm32g4xx_hal_adc.o
 .text.LL_ADC_REG_SetSequencerRanks
                0x00000000080020c2       0x58 ./Drivers/STM32G4xx_HAL_Driver/Src/stm32g4xx_hal_adc.o
 .text.LL_ADC_SetChannelSamplingTime
                0x000000000800211a       0x56 ./Drivers/STM32G4xx_HAL_Driver/Src/stm32g4xx_hal_adc.o
 .text.LL_ADC_SetChannelSingleDiff
                0x0000000008002170       0x50 ./Drivers/STM32G4xx_HAL_Driver/Src/stm32g4xx_hal_adc.o
 .text.LL_ADC_GetMultimode
                0x00000000080021c0       0x1c ./Drivers/STM32G4xx_HAL_Driver/Src/stm32g4xx_hal_adc.o
 .text.LL_ADC_GetMultiDMATransfer
                0x00000000080021dc       0x1c ./Drivers/STM32G4xx_HAL_Driver/Src/stm32g4xx_hal_adc.o
 .text.LL_ADC_DisableDeepPowerDown
                0x00000000080021f8       0x24 ./Drivers/STM32G4xx_HAL_Driver/Src/stm32g4xx_hal_adc.o
 .text.LL_ADC_IsDeepPowerDownEnabled
                0x000000000800221c       0x28 ./Drivers/STM32G4xx_HAL_Driver/Src/stm32g4xx_hal_adc.o
 .text.LL_ADC_EnableInternalRegulator
                0x0000000008002244       0x28 ./Drivers/STM32G4xx_HAL_Driver/Src/stm32g4xx_hal_adc.o
 .text.LL_ADC_IsInternalRegulatorEnabled
                0x000000000800226c       0x28 ./Drivers/STM32G4xx_HAL_Driver/Src/stm32g4xx_hal_adc.o
 .text.LL_ADC_Enable
                0x0000000008002294       0x28 ./Drivers/STM32G4xx_HAL_Driver/Src/stm32g4xx_hal_adc.o
 .text.LL_ADC_Disable
                0x00000000080022bc       0x28 ./Drivers/STM32G4xx_HAL_Driver/Src/stm32g4xx_hal_adc.o
 .text.LL_ADC_IsEnabled
                0x00000000080022e4       0x26 ./Drivers/STM32G4xx_HAL_Driver/Src/stm32g4xx_hal_adc.o
 .text.LL_ADC_IsDisableOngoing
                0x000000000800230a       0x26 ./Drivers/STM32G4xx_HAL_Driver/Src/stm32g4xx_hal_adc.o
 .text.LL_ADC_REG_StartConversion
                0x0000000008002330       0x28 ./Drivers/STM32G4xx_HAL_Driver/Src/stm32g4xx_hal_adc.o
 .text.LL_ADC_REG_StopConversion
                0x0000000008002358       0x28 ./Drivers/STM32G4xx_HAL_Driver/Src/stm32g4xx_hal_adc.o
 .text.LL_ADC_REG_IsConversionOngoing
                0x0000000008002380       0x26 ./Drivers/STM32G4xx_HAL_Driver/Src/stm32g4xx_hal_adc.o
 .text.LL_ADC_INJ_StopConversion
                0x00000000080023a6       0x28 ./Drivers/STM32G4xx_HAL_Driver/Src/stm32g4xx_hal_adc.o
 .text.LL_ADC_INJ_IsConversionOngoing
                0x00000000080023ce       0x26 ./Drivers/STM32G4xx_HAL_Driver/Src/stm32g4xx_hal_adc.o
 .text.HAL_ADC_Init
                0x00000000080023f4      0x314 ./Drivers/STM32G4xx_HAL_Driver/Src/stm32g4xx_hal_adc.o
                0x00000000080023f4                HAL_ADC_Init
 .text.HAL_ADC_Start
                0x0000000008002708      0x178 ./Drivers/STM32G4xx_HAL_Driver/Src/stm32g4xx_hal_adc.o
                0x0000000008002708                HAL_ADC_Start
 .text.HAL_ADC_Stop
                0x0000000008002880       0x66 ./Drivers/STM32G4xx_HAL_Driver/Src/stm32g4xx_hal_adc.o
                0x0000000008002880                HAL_ADC_Stop
 *fill*         0x00000000080028e6        0x2 
 .text.HAL_ADC_PollForConversion
                0x00000000080028e8      0x1b0 ./Drivers/STM32G4xx_HAL_Driver/Src/stm32g4xx_hal_adc.o
                0x00000000080028e8                HAL_ADC_PollForConversion
 .text.HAL_ADC_GetValue
                0x0000000008002a98       0x1a ./Drivers/STM32G4xx_HAL_Driver/Src/stm32g4xx_hal_adc.o
                0x0000000008002a98                HAL_ADC_GetValue
 *fill*         0x0000000008002ab2        0x2 
 .text.HAL_ADC_ConfigChannel
                0x0000000008002ab4      0x7e0 ./Drivers/STM32G4xx_HAL_Driver/Src/stm32g4xx_hal_adc.o
                0x0000000008002ab4                HAL_ADC_ConfigChannel
 .text.ADC_ConversionStop
                0x0000000008003294      0x178 ./Drivers/STM32G4xx_HAL_Driver/Src/stm32g4xx_hal_adc.o
                0x0000000008003294                ADC_ConversionStop
 .text.ADC_Enable
                0x000000000800340c       0xc4 ./Drivers/STM32G4xx_HAL_Driver/Src/stm32g4xx_hal_adc.o
                0x000000000800340c                ADC_Enable
 .text.ADC_Disable
                0x00000000080034d0       0xbe ./Drivers/STM32G4xx_HAL_Driver/Src/stm32g4xx_hal_adc.o
                0x00000000080034d0                ADC_Disable
 .text.LL_ADC_IsEnabled
                0x000000000800358e       0x26 ./Drivers/STM32G4xx_HAL_Driver/Src/stm32g4xx_hal_adc_ex.o
 .text.LL_ADC_REG_IsConversionOngoing
                0x00000000080035b4       0x26 ./Drivers/STM32G4xx_HAL_Driver/Src/stm32g4xx_hal_adc_ex.o
 *fill*         0x00000000080035da        0x2 
 .text.HAL_ADCEx_MultiModeConfigChannel
                0x00000000080035dc      0x148 ./Drivers/STM32G4xx_HAL_Driver/Src/stm32g4xx_hal_adc_ex.o
                0x00000000080035dc                HAL_ADCEx_MultiModeConfigChannel
 .text.__NVIC_SetPriorityGrouping
                0x0000000008003724       0x48 ./Drivers/STM32G4xx_HAL_Driver/Src/stm32g4xx_hal_cortex.o
 .text.__NVIC_GetPriorityGrouping
                0x000000000800376c       0x1c ./Drivers/STM32G4xx_HAL_Driver/Src/stm32g4xx_hal_cortex.o
 .text.__NVIC_EnableIRQ
                0x0000000008003788       0x3c ./Drivers/STM32G4xx_HAL_Driver/Src/stm32g4xx_hal_cortex.o
 .text.__NVIC_SetPriority
                0x00000000080037c4       0x54 ./Drivers/STM32G4xx_HAL_Driver/Src/stm32g4xx_hal_cortex.o
 .text.NVIC_EncodePriority
                0x0000000008003818       0x66 ./Drivers/STM32G4xx_HAL_Driver/Src/stm32g4xx_hal_cortex.o
 *fill*         0x000000000800387e        0x2 
 .text.SysTick_Config
                0x0000000008003880       0x44 ./Drivers/STM32G4xx_HAL_Driver/Src/stm32g4xx_hal_cortex.o
 .text.HAL_NVIC_SetPriorityGrouping
                0x00000000080038c4       0x16 ./Drivers/STM32G4xx_HAL_Driver/Src/stm32g4xx_hal_cortex.o
                0x00000000080038c4                HAL_NVIC_SetPriorityGrouping
 .text.HAL_NVIC_SetPriority
                0x00000000080038da       0x34 ./Drivers/STM32G4xx_HAL_Driver/Src/stm32g4xx_hal_cortex.o
                0x00000000080038da                HAL_NVIC_SetPriority
 .text.HAL_NVIC_EnableIRQ
                0x000000000800390e       0x1c ./Drivers/STM32G4xx_HAL_Driver/Src/stm32g4xx_hal_cortex.o
                0x000000000800390e                HAL_NVIC_EnableIRQ
 .text.HAL_SYSTICK_Config
                0x000000000800392a       0x18 ./Drivers/STM32G4xx_HAL_Driver/Src/stm32g4xx_hal_cortex.o
                0x000000000800392a                HAL_SYSTICK_Config
 *fill*         0x0000000008003942        0x2 
 .text.HAL_GPIO_Init
                0x0000000008003944      0x304 ./Drivers/STM32G4xx_HAL_Driver/Src/stm32g4xx_hal_gpio.o
                0x0000000008003944                HAL_GPIO_Init
 .text.HAL_GPIO_ReadPin
                0x0000000008003c48       0x30 ./Drivers/STM32G4xx_HAL_Driver/Src/stm32g4xx_hal_gpio.o
                0x0000000008003c48                HAL_GPIO_ReadPin
 .text.HAL_GPIO_WritePin
                0x0000000008003c78       0x30 ./Drivers/STM32G4xx_HAL_Driver/Src/stm32g4xx_hal_gpio.o
                0x0000000008003c78                HAL_GPIO_WritePin
 .text.HAL_PWREx_ControlVoltageScaling
                0x0000000008003ca8      0x148 ./Drivers/STM32G4xx_HAL_Driver/Src/stm32g4xx_hal_pwr_ex.o
                0x0000000008003ca8                HAL_PWREx_ControlVoltageScaling
 .text.HAL_PWREx_DisableUCPDDeadBattery
                0x0000000008003df0       0x20 ./Drivers/STM32G4xx_HAL_Driver/Src/stm32g4xx_hal_pwr_ex.o
                0x0000000008003df0                HAL_PWREx_DisableUCPDDeadBattery
 .text.HAL_RCC_OscConfig
                0x0000000008003e10      0x630 ./Drivers/STM32G4xx_HAL_Driver/Src/stm32g4xx_hal_rcc.o
                0x0000000008003e10                HAL_RCC_OscConfig
 .text.HAL_RCC_ClockConfig
                0x0000000008004440      0x278 ./Drivers/STM32G4xx_HAL_Driver/Src/stm32g4xx_hal_rcc.o
                0x0000000008004440                HAL_RCC_ClockConfig
 .text.HAL_RCC_GetSysClockFreq
                0x00000000080046b8       0xc4 ./Drivers/STM32G4xx_HAL_Driver/Src/stm32g4xx_hal_rcc.o
                0x00000000080046b8                HAL_RCC_GetSysClockFreq
 .text.RCC_GetSysClockFreqFromPLLSource
                0x000000000800477c       0x8c ./Drivers/STM32G4xx_HAL_Driver/Src/stm32g4xx_hal_rcc.o
 .text.HAL_RCCEx_PeriphCLKConfig
                0x0000000008004808      0x3e0 ./Drivers/STM32G4xx_HAL_Driver/Src/stm32g4xx_hal_rcc_ex.o
                0x0000000008004808                HAL_RCCEx_PeriphCLKConfig
 .text.HAL_SPI_Init
                0x0000000008004be8      0x156 ./Drivers/STM32G4xx_HAL_Driver/Src/stm32g4xx_hal_spi.o
                0x0000000008004be8                HAL_SPI_Init
 .text.HAL_SPI_Transmit
                0x0000000008004d3e      0x2dc ./Drivers/STM32G4xx_HAL_Driver/Src/stm32g4xx_hal_spi.o
                0x0000000008004d3e                HAL_SPI_Transmit
 .text.HAL_SPI_Receive
                0x000000000800501a      0x260 ./Drivers/STM32G4xx_HAL_Driver/Src/stm32g4xx_hal_spi.o
                0x000000000800501a                HAL_SPI_Receive
 .text.HAL_SPI_TransmitReceive
                0x000000000800527a      0x426 ./Drivers/STM32G4xx_HAL_Driver/Src/stm32g4xx_hal_spi.o
                0x000000000800527a                HAL_SPI_TransmitReceive
 .text.SPI_WaitFlagStateUntilTimeout
                0x00000000080056a0      0x110 ./Drivers/STM32G4xx_HAL_Driver/Src/stm32g4xx_hal_spi.o
 .text.SPI_WaitFifoStateUntilTimeout
                0x00000000080057b0      0x12c ./Drivers/STM32G4xx_HAL_Driver/Src/stm32g4xx_hal_spi.o
 .text.SPI_EndRxTransaction
                0x00000000080058dc       0xb0 ./Drivers/STM32G4xx_HAL_Driver/Src/stm32g4xx_hal_spi.o
 .text.SPI_EndRxTxTransaction
                0x000000000800598c       0x8c ./Drivers/STM32G4xx_HAL_Driver/Src/stm32g4xx_hal_spi.o
 .text.HAL_TIM_Base_Init
                0x0000000008005a18       0xae ./Drivers/STM32G4xx_HAL_Driver/Src/stm32g4xx_hal_tim.o
                0x0000000008005a18                HAL_TIM_Base_Init
 *fill*         0x0000000008005ac6        0x2 
 .text.HAL_TIM_Base_Start_IT
                0x0000000008005ac8       0xd4 ./Drivers/STM32G4xx_HAL_Driver/Src/stm32g4xx_hal_tim.o
                0x0000000008005ac8                HAL_TIM_Base_Start_IT
 .text.HAL_TIM_PWM_Init
                0x0000000008005b9c       0xae ./Drivers/STM32G4xx_HAL_Driver/Src/stm32g4xx_hal_tim.o
                0x0000000008005b9c                HAL_TIM_PWM_Init
 .text.HAL_TIM_PWM_MspInit
                0x0000000008005c4a       0x14 ./Drivers/STM32G4xx_HAL_Driver/Src/stm32g4xx_hal_tim.o
                0x0000000008005c4a                HAL_TIM_PWM_MspInit
 *fill*         0x0000000008005c5e        0x2 
 .text.HAL_TIM_PWM_Start
                0x0000000008005c60      0x200 ./Drivers/STM32G4xx_HAL_Driver/Src/stm32g4xx_hal_tim.o
                0x0000000008005c60                HAL_TIM_PWM_Start
 .text.HAL_TIM_IRQHandler
                0x0000000008005e60      0x2fe ./Drivers/STM32G4xx_HAL_Driver/Src/stm32g4xx_hal_tim.o
                0x0000000008005e60                HAL_TIM_IRQHandler
 *fill*         0x000000000800615e        0x2 
 .text.HAL_TIM_PWM_ConfigChannel
                0x0000000008006160      0x228 ./Drivers/STM32G4xx_HAL_Driver/Src/stm32g4xx_hal_tim.o
                0x0000000008006160                HAL_TIM_PWM_ConfigChannel
 .text.HAL_TIM_ConfigClockSource
                0x0000000008006388      0x1f4 ./Drivers/STM32G4xx_HAL_Driver/Src/stm32g4xx_hal_tim.o
                0x0000000008006388                HAL_TIM_ConfigClockSource
 .text.HAL_TIM_OC_DelayElapsedCallback
                0x000000000800657c       0x14 ./Drivers/STM32G4xx_HAL_Driver/Src/stm32g4xx_hal_tim.o
                0x000000000800657c                HAL_TIM_OC_DelayElapsedCallback
 .text.HAL_TIM_IC_CaptureCallback
                0x0000000008006590       0x14 ./Drivers/STM32G4xx_HAL_Driver/Src/stm32g4xx_hal_tim.o
                0x0000000008006590                HAL_TIM_IC_CaptureCallback
 .text.HAL_TIM_PWM_PulseFinishedCallback
                0x00000000080065a4       0x14 ./Drivers/STM32G4xx_HAL_Driver/Src/stm32g4xx_hal_tim.o
                0x00000000080065a4                HAL_TIM_PWM_PulseFinishedCallback
 .text.HAL_TIM_TriggerCallback
                0x00000000080065b8       0x14 ./Drivers/STM32G4xx_HAL_Driver/Src/stm32g4xx_hal_tim.o
                0x00000000080065b8                HAL_TIM_TriggerCallback
 .text.TIM_Base_SetConfig
                0x00000000080065cc      0x120 ./Drivers/STM32G4xx_HAL_Driver/Src/stm32g4xx_hal_tim.o
                0x00000000080065cc                TIM_Base_SetConfig
 .text.TIM_OC1_SetConfig
                0x00000000080066ec      0x120 ./Drivers/STM32G4xx_HAL_Driver/Src/stm32g4xx_hal_tim.o
 .text.TIM_OC2_SetConfig
                0x000000000800680c      0x114 ./Drivers/STM32G4xx_HAL_Driver/Src/stm32g4xx_hal_tim.o
                0x000000000800680c                TIM_OC2_SetConfig
 .text.TIM_OC3_SetConfig
                0x0000000008006920      0x110 ./Drivers/STM32G4xx_HAL_Driver/Src/stm32g4xx_hal_tim.o
 .text.TIM_OC4_SetConfig
                0x0000000008006a30      0x114 ./Drivers/STM32G4xx_HAL_Driver/Src/stm32g4xx_hal_tim.o
 .text.TIM_OC5_SetConfig
                0x0000000008006b44       0xc8 ./Drivers/STM32G4xx_HAL_Driver/Src/stm32g4xx_hal_tim.o
 .text.TIM_OC6_SetConfig
                0x0000000008006c0c       0xcc ./Drivers/STM32G4xx_HAL_Driver/Src/stm32g4xx_hal_tim.o
 .text.TIM_TI1_ConfigInputStage
                0x0000000008006cd8       0x5e ./Drivers/STM32G4xx_HAL_Driver/Src/stm32g4xx_hal_tim.o
 .text.TIM_TI2_ConfigInputStage
                0x0000000008006d36       0x60 ./Drivers/STM32G4xx_HAL_Driver/Src/stm32g4xx_hal_tim.o
 .text.TIM_ITRx_SetConfig
                0x0000000008006d96       0x3a ./Drivers/STM32G4xx_HAL_Driver/Src/stm32g4xx_hal_tim.o
 .text.TIM_ETR_SetConfig
                0x0000000008006dd0       0x40 ./Drivers/STM32G4xx_HAL_Driver/Src/stm32g4xx_hal_tim.o
                0x0000000008006dd0                TIM_ETR_SetConfig
 .text.TIM_CCxChannelCmd
                0x0000000008006e10       0x4a ./Drivers/STM32G4xx_HAL_Driver/Src/stm32g4xx_hal_tim.o
                0x0000000008006e10                TIM_CCxChannelCmd
 *fill*         0x0000000008006e5a        0x2 
 .text.HAL_TIMEx_PWMN_Start
                0x0000000008006e5c      0x168 ./Drivers/STM32G4xx_HAL_Driver/Src/stm32g4xx_hal_tim_ex.o
                0x0000000008006e5c                HAL_TIMEx_PWMN_Start
 .text.HAL_TIMEx_MasterConfigSynchronization
                0x0000000008006fc4      0x104 ./Drivers/STM32G4xx_HAL_Driver/Src/stm32g4xx_hal_tim_ex.o
                0x0000000008006fc4                HAL_TIMEx_MasterConfigSynchronization
 .text.HAL_TIMEx_ConfigBreakDeadTime
                0x00000000080070c8      0x140 ./Drivers/STM32G4xx_HAL_Driver/Src/stm32g4xx_hal_tim_ex.o
                0x00000000080070c8                HAL_TIMEx_ConfigBreakDeadTime
 .text.HAL_TIMEx_CommutCallback
                0x0000000008007208       0x14 ./Drivers/STM32G4xx_HAL_Driver/Src/stm32g4xx_hal_tim_ex.o
                0x0000000008007208                HAL_TIMEx_CommutCallback
 .text.HAL_TIMEx_BreakCallback
                0x000000000800721c       0x14 ./Drivers/STM32G4xx_HAL_Driver/Src/stm32g4xx_hal_tim_ex.o
                0x000000000800721c                HAL_TIMEx_BreakCallback
 .text.HAL_TIMEx_Break2Callback
                0x0000000008007230       0x14 ./Drivers/STM32G4xx_HAL_Driver/Src/stm32g4xx_hal_tim_ex.o
                0x0000000008007230                HAL_TIMEx_Break2Callback
 .text.HAL_TIMEx_EncoderIndexCallback
                0x0000000008007244       0x14 ./Drivers/STM32G4xx_HAL_Driver/Src/stm32g4xx_hal_tim_ex.o
                0x0000000008007244                HAL_TIMEx_EncoderIndexCallback
 .text.HAL_TIMEx_DirectionChangeCallback
                0x0000000008007258       0x14 ./Drivers/STM32G4xx_HAL_Driver/Src/stm32g4xx_hal_tim_ex.o
                0x0000000008007258                HAL_TIMEx_DirectionChangeCallback
 .text.HAL_TIMEx_IndexErrorCallback
                0x000000000800726c       0x14 ./Drivers/STM32G4xx_HAL_Driver/Src/stm32g4xx_hal_tim_ex.o
                0x000000000800726c                HAL_TIMEx_IndexErrorCallback
 .text.HAL_TIMEx_TransitionErrorCallback
                0x0000000008007280       0x14 ./Drivers/STM32G4xx_HAL_Driver/Src/stm32g4xx_hal_tim_ex.o
                0x0000000008007280                HAL_TIMEx_TransitionErrorCallback
 .text.TIM_CCxNChannelCmd
                0x0000000008007294       0x4a ./Drivers/STM32G4xx_HAL_Driver/Src/stm32g4xx_hal_tim_ex.o
 .text.memset   0x00000000080072de       0x10 /opt/st/stm32cubeide_1.13.2/plugins/com.st.stm32cube.ide.mcu.externaltools.gnu-tools-for-stm32.11.3.rel1.linux64_1.1.1.202309131626/tools/bin/../lib/gcc/arm-none-eabi/11.3.1/../../../../arm-none-eabi/lib/thumb/v7e-m+fp/hard/libc_nano.a(libc_a-memset.o)
                0x00000000080072de                memset
 *fill*         0x00000000080072ee        0x2 
 .text.__libc_init_array
                0x00000000080072f0       0x48 /opt/st/stm32cubeide_1.13.2/plugins/com.st.stm32cube.ide.mcu.externaltools.gnu-tools-for-stm32.11.3.rel1.linux64_1.1.1.202309131626/tools/bin/../lib/gcc/arm-none-eabi/11.3.1/../../../../arm-none-eabi/lib/thumb/v7e-m+fp/hard/libc_nano.a(libc_a-init.o)
                0x00000000080072f0                __libc_init_array
 *(.glue_7)
 .glue_7        0x0000000008007338        0x0 linker stubs
 *(.glue_7t)
 .glue_7t       0x0000000008007338        0x0 linker stubs
 *(.eh_frame)
 .eh_frame      0x0000000008007338        0x0 /opt/st/stm32cubeide_1.13.2/plugins/com.st.stm32cube.ide.mcu.externaltools.gnu-tools-for-stm32.11.3.rel1.linux64_1.1.1.202309131626/tools/bin/../lib/gcc/arm-none-eabi/11.3.1/thumb/v7e-m+fp/hard/crtbegin.o
 *(.init)
 .init          0x0000000008007338        0x4 /opt/st/stm32cubeide_1.13.2/plugins/com.st.stm32cube.ide.mcu.externaltools.gnu-tools-for-stm32.11.3.rel1.linux64_1.1.1.202309131626/tools/bin/../lib/gcc/arm-none-eabi/11.3.1/thumb/v7e-m+fp/hard/crti.o
                0x0000000008007338                _init
 .init          0x000000000800733c        0x8 /opt/st/stm32cubeide_1.13.2/plugins/com.st.stm32cube.ide.mcu.externaltools.gnu-tools-for-stm32.11.3.rel1.linux64_1.1.1.202309131626/tools/bin/../lib/gcc/arm-none-eabi/11.3.1/thumb/v7e-m+fp/hard/crtn.o
 *(.fini)
 .fini          0x0000000008007344        0x4 /opt/st/stm32cubeide_1.13.2/plugins/com.st.stm32cube.ide.mcu.externaltools.gnu-tools-for-stm32.11.3.rel1.linux64_1.1.1.202309131626/tools/bin/../lib/gcc/arm-none-eabi/11.3.1/thumb/v7e-m+fp/hard/crti.o
                0x0000000008007344                _fini
 .fini          0x0000000008007348        0x8 /opt/st/stm32cubeide_1.13.2/plugins/com.st.stm32cube.ide.mcu.externaltools.gnu-tools-for-stm32.11.3.rel1.linux64_1.1.1.202309131626/tools/bin/../lib/gcc/arm-none-eabi/11.3.1/thumb/v7e-m+fp/hard/crtn.o
                0x0000000008007350                . = ALIGN (0x4)
                0x0000000008007350                _etext = .

.vfp11_veneer   0x0000000008007350        0x0
 .vfp11_veneer  0x0000000008007350        0x0 linker stubs

.v4_bx          0x0000000008007350        0x0
 .v4_bx         0x0000000008007350        0x0 linker stubs

.iplt           0x0000000008007350        0x0
 .iplt          0x0000000008007350        0x0 /opt/st/stm32cubeide_1.13.2/plugins/com.st.stm32cube.ide.mcu.externaltools.gnu-tools-for-stm32.11.3.rel1.linux64_1.1.1.202309131626/tools/bin/../lib/gcc/arm-none-eabi/11.3.1/thumb/v7e-m+fp/hard/crtbegin.o

.rodata         0x0000000008007350       0x10
                0x0000000008007350                . = ALIGN (0x4)
 *(.rodata)
 *(.rodata*)
 .rodata.AHBPrescTable
                0x0000000008007350       0x10 ./Core/Src/system_stm32g4xx.o
                0x0000000008007350                AHBPrescTable
                0x0000000008007360                . = ALIGN (0x4)

.rel.dyn        0x0000000008007360        0x0
 .rel.iplt      0x0000000008007360        0x0 /opt/st/stm32cubeide_1.13.2/plugins/com.st.stm32cube.ide.mcu.externaltools.gnu-tools-for-stm32.11.3.rel1.linux64_1.1.1.202309131626/tools/bin/../lib/gcc/arm-none-eabi/11.3.1/thumb/v7e-m+fp/hard/crtbegin.o

.ARM.extab      0x0000000008007360        0x0
                0x0000000008007360                . = ALIGN (0x4)
 *(.ARM.extab* .gnu.linkonce.armextab.*)
                0x0000000008007360                . = ALIGN (0x4)

.ARM            0x0000000008007360        0x0
                0x0000000008007360                . = ALIGN (0x4)
                0x0000000008007360                __exidx_start = .
 *(.ARM.exidx*)
                0x0000000008007360                __exidx_end = .
                0x0000000008007360                . = ALIGN (0x4)

.preinit_array  0x0000000008007360        0x0
                0x0000000008007360                . = ALIGN (0x4)
                0x0000000008007360                PROVIDE (__preinit_array_start = .)
 *(.preinit_array*)
                0x0000000008007360                PROVIDE (__preinit_array_end = .)
                0x0000000008007360                . = ALIGN (0x4)

.init_array     0x0000000008007360        0x4
                0x0000000008007360                . = ALIGN (0x4)
                0x0000000008007360                PROVIDE (__init_array_start = .)
 *(SORT_BY_NAME(.init_array.*))
 *(.init_array*)
 .init_array    0x0000000008007360        0x4 /opt/st/stm32cubeide_1.13.2/plugins/com.st.stm32cube.ide.mcu.externaltools.gnu-tools-for-stm32.11.3.rel1.linux64_1.1.1.202309131626/tools/bin/../lib/gcc/arm-none-eabi/11.3.1/thumb/v7e-m+fp/hard/crtbegin.o
                0x0000000008007364                PROVIDE (__init_array_end = .)
                0x0000000008007364                . = ALIGN (0x4)

.fini_array     0x0000000008007364        0x4
                0x0000000008007364                . = ALIGN (0x4)
                [!provide]                        PROVIDE (__fini_array_start = .)
 *(SORT_BY_NAME(.fini_array.*))
 *(.fini_array*)
 .fini_array    0x0000000008007364        0x4 /opt/st/stm32cubeide_1.13.2/plugins/com.st.stm32cube.ide.mcu.externaltools.gnu-tools-for-stm32.11.3.rel1.linux64_1.1.1.202309131626/tools/bin/../lib/gcc/arm-none-eabi/11.3.1/thumb/v7e-m+fp/hard/crtbegin.o
                [!provide]                        PROVIDE (__fini_array_end = .)
                0x0000000008007368                . = ALIGN (0x4)
                0x0000000008007368                _sidata = LOADADDR (.data)

.data           0x0000000020000000       0x38 load address 0x0000000008007368
                0x0000000020000000                . = ALIGN (0x4)
                0x0000000020000000                _sdata = .
 *(.data)
 *(.data*)
 .data.pidMotor
                0x0000000020000000       0x28 ./Core/Src/main.o
                0x0000000020000000                pidMotor
 .data.MED      0x0000000020000028        0x2 ./Core/Src/main.o
                0x0000000020000028                MED
 *fill*         0x000000002000002a        0x2 
 .data.SystemCoreClock
                0x000000002000002c        0x4 ./Core/Src/system_stm32g4xx.o
                0x000000002000002c                SystemCoreClock
 .data.uwTickPrio
                0x0000000020000030        0x4 ./Drivers/STM32G4xx_HAL_Driver/Src/stm32g4xx_hal.o
                0x0000000020000030                uwTickPrio
 .data.uwTickFreq
                0x0000000020000034        0x4 ./Drivers/STM32G4xx_HAL_Driver/Src/stm32g4xx_hal.o
                0x0000000020000034                uwTickFreq
 *(.RamFunc)
 *(.RamFunc*)
                0x0000000020000038                . = ALIGN (0x4)
                0x0000000020000038                _edata = .

.igot.plt       0x0000000020000038        0x0 load address 0x00000000080073a0
 .igot.plt      0x0000000020000038        0x0 /opt/st/stm32cubeide_1.13.2/plugins/com.st.stm32cube.ide.mcu.externaltools.gnu-tools-for-stm32.11.3.rel1.linux64_1.1.1.202309131626/tools/bin/../lib/gcc/arm-none-eabi/11.3.1/thumb/v7e-m+fp/hard/crtbegin.o
                0x0000000020000038                . = ALIGN (0x4)

.bss            0x0000000020000038      0x1fc load address 0x00000000080073a0
                0x0000000020000038                _sbss = .
                0x0000000020000038                __bss_start__ = _sbss
 *(.bss)
 .bss           0x0000000020000038       0x1c /opt/st/stm32cubeide_1.13.2/plugins/com.st.stm32cube.ide.mcu.externaltools.gnu-tools-for-stm32.11.3.rel1.linux64_1.1.1.202309131626/tools/bin/../lib/gcc/arm-none-eabi/11.3.1/thumb/v7e-m+fp/hard/crtbegin.o
 *(.bss*)
 .bss.hadc1     0x0000000020000054       0x6c ./Core/Src/main.o
                0x0000000020000054                hadc1
 .bss.hspi3     0x00000000200000c0       0x64 ./Core/Src/main.o
                0x00000000200000c0                hspi3
 .bss.htim1     0x0000000020000124       0x4c ./Core/Src/main.o
                0x0000000020000124                htim1
 .bss.htim6     0x0000000020000170       0x4c ./Core/Src/main.o
                0x0000000020000170                htim6
 .bss.htim15    0x00000000200001bc       0x4c ./Core/Src/main.o
                0x00000000200001bc                htim15
 .bss.as5047    0x0000000020000208        0xc ./Core/Src/main.o
                0x0000000020000208                as5047
 .bss.positionx
                0x0000000020000214        0x1 ./Core/Src/main.o
                0x0000000020000214                positionx
 .bss.prev_positionx
                0x0000000020000215        0x1 ./Core/Src/main.o
                0x0000000020000215                prev_positionx
 *fill*         0x0000000020000216        0x2 
 .bss.motorpos  0x0000000020000218        0x4 ./Core/Src/main.o
                0x0000000020000218                motorpos
 .bss.deltaMotorPos
                0x000000002000021c        0x4 ./Core/Src/main.o
                0x000000002000021c                deltaMotorPos
 .bss.motorRpm  0x0000000020000220        0x4 ./Core/Src/main.o
                0x0000000020000220                motorRpm
 .bss.u_state   0x0000000020000224        0x1 ./Core/Src/main.o
                0x0000000020000224                u_state
 .bss.v_state   0x0000000020000225        0x1 ./Core/Src/main.o
                0x0000000020000225                v_state
 .bss.w_state   0x0000000020000226        0x1 ./Core/Src/main.o
                0x0000000020000226                w_state
 *fill*         0x0000000020000227        0x1 
 .bss.setpointRpm
                0x0000000020000228        0x2 ./Core/Src/main.o
                0x0000000020000228                setpointRpm
 .bss.MAX       0x000000002000022a        0x2 ./Core/Src/main.o
                0x000000002000022a                MAX
 .bss.MIN       0x000000002000022c        0x2 ./Core/Src/main.o
                0x000000002000022c                MIN
 *fill*         0x000000002000022e        0x2 
 .bss.uwTick    0x0000000020000230        0x4 ./Drivers/STM32G4xx_HAL_Driver/Src/stm32g4xx_hal.o
                0x0000000020000230                uwTick
 *(COMMON)
                0x0000000020000234                . = ALIGN (0x4)
                0x0000000020000234                _ebss = .
                0x0000000020000234                __bss_end__ = _ebss

._user_heap_stack
                0x0000000020000234      0x604 load address 0x00000000080073a0
                0x0000000020000238                . = ALIGN (0x8)
 *fill*         0x0000000020000234        0x4 
                [!provide]                        PROVIDE (end = .)
                0x0000000020000238                PROVIDE (_end = .)
                0x0000000020000438                . = (. + _Min_Heap_Size)
 *fill*         0x0000000020000238      0x200 
                0x0000000020000838                . = (. + _Min_Stack_Size)
 *fill*         0x0000000020000438      0x400 
                0x0000000020000838                . = ALIGN (0x8)

/DISCARD/
 libc.a(*)
 libm.a(*)
 libgcc.a(*)

.ARM.attributes
                0x0000000000000000       0x30
 *(.ARM.attributes)
 .ARM.attributes
                0x0000000000000000       0x1e /opt/st/stm32cubeide_1.13.2/plugins/com.st.stm32cube.ide.mcu.externaltools.gnu-tools-for-stm32.11.3.rel1.linux64_1.1.1.202309131626/tools/bin/../lib/gcc/arm-none-eabi/11.3.1/thumb/v7e-m+fp/hard/crti.o
 .ARM.attributes
                0x000000000000001e       0x34 /opt/st/stm32cubeide_1.13.2/plugins/com.st.stm32cube.ide.mcu.externaltools.gnu-tools-for-stm32.11.3.rel1.linux64_1.1.1.202309131626/tools/bin/../lib/gcc/arm-none-eabi/11.3.1/thumb/v7e-m+fp/hard/crtbegin.o
 .ARM.attributes
                0x0000000000000052       0x34 ./Core/Src/dz_pid.o
 .ARM.attributes
                0x0000000000000086       0x34 ./Core/Src/encoder.o
 .ARM.attributes
                0x00000000000000ba       0x34 ./Core/Src/encoder_init.o
 .ARM.attributes
                0x00000000000000ee       0x34 ./Core/Src/main.o
 .ARM.attributes
                0x0000000000000122       0x34 ./Core/Src/stm32g4xx_hal_msp.o
 .ARM.attributes
                0x0000000000000156       0x34 ./Core/Src/stm32g4xx_it.o
 .ARM.attributes
                0x000000000000018a       0x34 ./Core/Src/system_stm32g4xx.o
 .ARM.attributes
                0x00000000000001be       0x21 ./Core/Startup/startup_stm32g431rbtx.o
 .ARM.attributes
                0x00000000000001df       0x34 ./Drivers/STM32G4xx_HAL_Driver/Src/stm32g4xx_hal.o
 .ARM.attributes
                0x0000000000000213       0x34 ./Drivers/STM32G4xx_HAL_Driver/Src/stm32g4xx_hal_adc.o
 .ARM.attributes
                0x0000000000000247       0x34 ./Drivers/STM32G4xx_HAL_Driver/Src/stm32g4xx_hal_adc_ex.o
 .ARM.attributes
                0x000000000000027b       0x34 ./Drivers/STM32G4xx_HAL_Driver/Src/stm32g4xx_hal_cortex.o
 .ARM.attributes
                0x00000000000002af       0x34 ./Drivers/STM32G4xx_HAL_Driver/Src/stm32g4xx_hal_gpio.o
 .ARM.attributes
                0x00000000000002e3       0x34 ./Drivers/STM32G4xx_HAL_Driver/Src/stm32g4xx_hal_pwr_ex.o
 .ARM.attributes
                0x0000000000000317       0x34 ./Drivers/STM32G4xx_HAL_Driver/Src/stm32g4xx_hal_rcc.o
 .ARM.attributes
                0x000000000000034b       0x34 ./Drivers/STM32G4xx_HAL_Driver/Src/stm32g4xx_hal_rcc_ex.o
 .ARM.attributes
                0x000000000000037f       0x34 ./Drivers/STM32G4xx_HAL_Driver/Src/stm32g4xx_hal_spi.o
 .ARM.attributes
                0x00000000000003b3       0x34 ./Drivers/STM32G4xx_HAL_Driver/Src/stm32g4xx_hal_tim.o
 .ARM.attributes
                0x00000000000003e7       0x34 ./Drivers/STM32G4xx_HAL_Driver/Src/stm32g4xx_hal_tim_ex.o
 .ARM.attributes
                0x000000000000041b       0x34 /opt/st/stm32cubeide_1.13.2/plugins/com.st.stm32cube.ide.mcu.externaltools.gnu-tools-for-stm32.11.3.rel1.linux64_1.1.1.202309131626/tools/bin/../lib/gcc/arm-none-eabi/11.3.1/../../../../arm-none-eabi/lib/thumb/v7e-m+fp/hard/libc_nano.a(libc_a-memset.o)
 .ARM.attributes
                0x000000000000044f       0x34 /opt/st/stm32cubeide_1.13.2/plugins/com.st.stm32cube.ide.mcu.externaltools.gnu-tools-for-stm32.11.3.rel1.linux64_1.1.1.202309131626/tools/bin/../lib/gcc/arm-none-eabi/11.3.1/../../../../arm-none-eabi/lib/thumb/v7e-m+fp/hard/libc_nano.a(libc_a-init.o)
 .ARM.attributes
                0x0000000000000483       0x1e /opt/st/stm32cubeide_1.13.2/plugins/com.st.stm32cube.ide.mcu.externaltools.gnu-tools-for-stm32.11.3.rel1.linux64_1.1.1.202309131626/tools/bin/../lib/gcc/arm-none-eabi/11.3.1/thumb/v7e-m+fp/hard/libgcc.a(_arm_addsubdf3.o)
 .ARM.attributes
                0x00000000000004a1       0x1e /opt/st/stm32cubeide_1.13.2/plugins/com.st.stm32cube.ide.mcu.externaltools.gnu-tools-for-stm32.11.3.rel1.linux64_1.1.1.202309131626/tools/bin/../lib/gcc/arm-none-eabi/11.3.1/thumb/v7e-m+fp/hard/libgcc.a(_arm_muldivdf3.o)
 .ARM.attributes
                0x00000000000004bf       0x1e /opt/st/stm32cubeide_1.13.2/plugins/com.st.stm32cube.ide.mcu.externaltools.gnu-tools-for-stm32.11.3.rel1.linux64_1.1.1.202309131626/tools/bin/../lib/gcc/arm-none-eabi/11.3.1/thumb/v7e-m+fp/hard/libgcc.a(_arm_cmpdf2.o)
 .ARM.attributes
                0x00000000000004dd       0x1e /opt/st/stm32cubeide_1.13.2/plugins/com.st.stm32cube.ide.mcu.externaltools.gnu-tools-for-stm32.11.3.rel1.linux64_1.1.1.202309131626/tools/bin/../lib/gcc/arm-none-eabi/11.3.1/thumb/v7e-m+fp/hard/libgcc.a(_arm_fixdfsi.o)
 .ARM.attributes
                0x00000000000004fb       0x1e /opt/st/stm32cubeide_1.13.2/plugins/com.st.stm32cube.ide.mcu.externaltools.gnu-tools-for-stm32.11.3.rel1.linux64_1.1.1.202309131626/tools/bin/../lib/gcc/arm-none-eabi/11.3.1/thumb/v7e-m+fp/hard/libgcc.a(_arm_fixunsdfsi.o)
 .ARM.attributes
                0x0000000000000519       0x1e /opt/st/stm32cubeide_1.13.2/plugins/com.st.stm32cube.ide.mcu.externaltools.gnu-tools-for-stm32.11.3.rel1.linux64_1.1.1.202309131626/tools/bin/../lib/gcc/arm-none-eabi/11.3.1/thumb/v7e-m+fp/hard/crtn.o
OUTPUT(cobot.elf elf32-littlearm)
LOAD linker stubs
LOAD /opt/st/stm32cubeide_1.13.2/plugins/com.st.stm32cube.ide.mcu.externaltools.gnu-tools-for-stm32.11.3.rel1.linux64_1.1.1.202309131626/tools/bin/../lib/gcc/arm-none-eabi/11.3.1/../../../../arm-none-eabi/lib/thumb/v7e-m+fp/hard/libc.a
LOAD /opt/st/stm32cubeide_1.13.2/plugins/com.st.stm32cube.ide.mcu.externaltools.gnu-tools-for-stm32.11.3.rel1.linux64_1.1.1.202309131626/tools/bin/../lib/gcc/arm-none-eabi/11.3.1/../../../../arm-none-eabi/lib/thumb/v7e-m+fp/hard/libm.a
LOAD /opt/st/stm32cubeide_1.13.2/plugins/com.st.stm32cube.ide.mcu.externaltools.gnu-tools-for-stm32.11.3.rel1.linux64_1.1.1.202309131626/tools/bin/../lib/gcc/arm-none-eabi/11.3.1/thumb/v7e-m+fp/hard/libgcc.a

.comment        0x0000000000000000       0x43
 .comment       0x0000000000000000       0x43 /opt/st/stm32cubeide_1.13.2/plugins/com.st.stm32cube.ide.mcu.externaltools.gnu-tools-for-stm32.11.3.rel1.linux64_1.1.1.202309131626/tools/bin/../lib/gcc/arm-none-eabi/11.3.1/thumb/v7e-m+fp/hard/crtbegin.o
                                         0x44 (size before relaxing)
 .comment       0x0000000000000043       0x44 ./Core/Src/dz_pid.o
 .comment       0x0000000000000043       0x44 ./Core/Src/encoder.o
 .comment       0x0000000000000043       0x44 ./Core/Src/encoder_init.o
 .comment       0x0000000000000043       0x44 ./Core/Src/main.o
 .comment       0x0000000000000043       0x44 ./Core/Src/stm32g4xx_hal_msp.o
 .comment       0x0000000000000043       0x44 ./Core/Src/stm32g4xx_it.o
 .comment       0x0000000000000043       0x44 ./Core/Src/system_stm32g4xx.o
 .comment       0x0000000000000043       0x44 ./Drivers/STM32G4xx_HAL_Driver/Src/stm32g4xx_hal.o
 .comment       0x0000000000000043       0x44 ./Drivers/STM32G4xx_HAL_Driver/Src/stm32g4xx_hal_adc.o
 .comment       0x0000000000000043       0x44 ./Drivers/STM32G4xx_HAL_Driver/Src/stm32g4xx_hal_adc_ex.o
 .comment       0x0000000000000043       0x44 ./Drivers/STM32G4xx_HAL_Driver/Src/stm32g4xx_hal_cortex.o
 .comment       0x0000000000000043       0x44 ./Drivers/STM32G4xx_HAL_Driver/Src/stm32g4xx_hal_gpio.o
 .comment       0x0000000000000043       0x44 ./Drivers/STM32G4xx_HAL_Driver/Src/stm32g4xx_hal_pwr_ex.o
 .comment       0x0000000000000043       0x44 ./Drivers/STM32G4xx_HAL_Driver/Src/stm32g4xx_hal_rcc.o
 .comment       0x0000000000000043       0x44 ./Drivers/STM32G4xx_HAL_Driver/Src/stm32g4xx_hal_rcc_ex.o
 .comment       0x0000000000000043       0x44 ./Drivers/STM32G4xx_HAL_Driver/Src/stm32g4xx_hal_spi.o
 .comment       0x0000000000000043       0x44 ./Drivers/STM32G4xx_HAL_Driver/Src/stm32g4xx_hal_tim.o
 .comment       0x0000000000000043       0x44 ./Drivers/STM32G4xx_HAL_Driver/Src/stm32g4xx_hal_tim_ex.o

.debug_info     0x0000000000000000    0x13271
 .debug_info    0x0000000000000000      0x155 ./Core/Src/dz_pid.o
 .debug_info    0x0000000000000155      0x406 ./Core/Src/encoder.o
 .debug_info    0x000000000000055b      0x996 ./Core/Src/encoder_init.o
 .debug_info    0x0000000000000ef1     0x1eeb ./Core/Src/main.o
 .debug_info    0x0000000000002ddc     0x185b ./Core/Src/stm32g4xx_hal_msp.o
 .debug_info    0x0000000000004637      0x878 ./Core/Src/stm32g4xx_it.o
 .debug_info    0x0000000000004eaf      0x58e ./Core/Src/system_stm32g4xx.o
 .debug_info    0x000000000000543d       0x23 ./Core/Startup/startup_stm32g431rbtx.o
 .debug_info    0x0000000000005460      0xa99 ./Drivers/STM32G4xx_HAL_Driver/Src/stm32g4xx_hal.o
 .debug_info    0x0000000000005ef9     0x203d ./Drivers/STM32G4xx_HAL_Driver/Src/stm32g4xx_hal_adc.o
 .debug_info    0x0000000000007f36     0x1d67 ./Drivers/STM32G4xx_HAL_Driver/Src/stm32g4xx_hal_adc_ex.o
 .debug_info    0x0000000000009c9d      0xcf3 ./Drivers/STM32G4xx_HAL_Driver/Src/stm32g4xx_hal_cortex.o
 .debug_info    0x000000000000a990      0x763 ./Drivers/STM32G4xx_HAL_Driver/Src/stm32g4xx_hal_gpio.o
 .debug_info    0x000000000000b0f3      0x93f ./Drivers/STM32G4xx_HAL_Driver/Src/stm32g4xx_hal_pwr_ex.o
 .debug_info    0x000000000000ba32      0xb82 ./Drivers/STM32G4xx_HAL_Driver/Src/stm32g4xx_hal_rcc.o
 .debug_info    0x000000000000c5b4      0xc15 ./Drivers/STM32G4xx_HAL_Driver/Src/stm32g4xx_hal_rcc_ex.o
 .debug_info    0x000000000000d1c9     0x1748 ./Drivers/STM32G4xx_HAL_Driver/Src/stm32g4xx_hal_spi.o
 .debug_info    0x000000000000e911     0x2bfd ./Drivers/STM32G4xx_HAL_Driver/Src/stm32g4xx_hal_tim.o
 .debug_info    0x000000000001150e     0x1d63 ./Drivers/STM32G4xx_HAL_Driver/Src/stm32g4xx_hal_tim_ex.o

.debug_abbrev   0x0000000000000000     0x2928
 .debug_abbrev  0x0000000000000000       0xcd ./Core/Src/dz_pid.o
 .debug_abbrev  0x00000000000000cd      0x151 ./Core/Src/encoder.o
 .debug_abbrev  0x000000000000021e      0x219 ./Core/Src/encoder_init.o
 .debug_abbrev  0x0000000000000437      0x36d ./Core/Src/main.o
 .debug_abbrev  0x00000000000007a4      0x26b ./Core/Src/stm32g4xx_hal_msp.o
 .debug_abbrev  0x0000000000000a0f      0x1c2 ./Core/Src/stm32g4xx_it.o
 .debug_abbrev  0x0000000000000bd1      0x11a ./Core/Src/system_stm32g4xx.o
 .debug_abbrev  0x0000000000000ceb       0x12 ./Core/Startup/startup_stm32g431rbtx.o
 .debug_abbrev  0x0000000000000cfd      0x271 ./Drivers/STM32G4xx_HAL_Driver/Src/stm32g4xx_hal.o
 .debug_abbrev  0x0000000000000f6e      0x2d3 ./Drivers/STM32G4xx_HAL_Driver/Src/stm32g4xx_hal_adc.o
 .debug_abbrev  0x0000000000001241      0x2ee ./Drivers/STM32G4xx_HAL_Driver/Src/stm32g4xx_hal_adc_ex.o
 .debug_abbrev  0x000000000000152f      0x31c ./Drivers/STM32G4xx_HAL_Driver/Src/stm32g4xx_hal_cortex.o
 .debug_abbrev  0x000000000000184b      0x1cb ./Drivers/STM32G4xx_HAL_Driver/Src/stm32g4xx_hal_gpio.o
 .debug_abbrev  0x0000000000001a16      0x22c ./Drivers/STM32G4xx_HAL_Driver/Src/stm32g4xx_hal_pwr_ex.o
 .debug_abbrev  0x0000000000001c42      0x2c9 ./Drivers/STM32G4xx_HAL_Driver/Src/stm32g4xx_hal_rcc.o
 .debug_abbrev  0x0000000000001f0b      0x258 ./Drivers/STM32G4xx_HAL_Driver/Src/stm32g4xx_hal_rcc_ex.o
 .debug_abbrev  0x0000000000002163      0x267 ./Drivers/STM32G4xx_HAL_Driver/Src/stm32g4xx_hal_spi.o
 .debug_abbrev  0x00000000000023ca      0x2a0 ./Drivers/STM32G4xx_HAL_Driver/Src/stm32g4xx_hal_tim.o
 .debug_abbrev  0x000000000000266a      0x2be ./Drivers/STM32G4xx_HAL_Driver/Src/stm32g4xx_hal_tim_ex.o

.debug_aranges  0x0000000000000000     0x1380
 .debug_aranges
                0x0000000000000000       0x20 ./Core/Src/dz_pid.o
 .debug_aranges
                0x0000000000000020       0x70 ./Core/Src/encoder.o
 .debug_aranges
                0x0000000000000090       0x38 ./Core/Src/encoder_init.o
 .debug_aranges
                0x00000000000000c8       0x80 ./Core/Src/main.o
 .debug_aranges
                0x0000000000000148       0x58 ./Core/Src/stm32g4xx_hal_msp.o
 .debug_aranges
                0x00000000000001a0       0x68 ./Core/Src/stm32g4xx_it.o
 .debug_aranges
                0x0000000000000208       0x28 ./Core/Src/system_stm32g4xx.o
 .debug_aranges
                0x0000000000000230       0x28 ./Core/Startup/startup_stm32g431rbtx.o
 .debug_aranges
                0x0000000000000258      0x130 ./Drivers/STM32G4xx_HAL_Driver/Src/stm32g4xx_hal.o
 .debug_aranges
                0x0000000000000388      0x248 ./Drivers/STM32G4xx_HAL_Driver/Src/stm32g4xx_hal_adc.o
 .debug_aranges
                0x00000000000005d0      0x1c0 ./Drivers/STM32G4xx_HAL_Driver/Src/stm32g4xx_hal_adc_ex.o
 .debug_aranges
                0x0000000000000790      0x118 ./Drivers/STM32G4xx_HAL_Driver/Src/stm32g4xx_hal_cortex.o
 .debug_aranges
                0x00000000000008a8       0x58 ./Drivers/STM32G4xx_HAL_Driver/Src/stm32g4xx_hal_gpio.o
 .debug_aranges
                0x0000000000000900      0x140 ./Drivers/STM32G4xx_HAL_Driver/Src/stm32g4xx_hal_pwr_ex.o
 .debug_aranges
                0x0000000000000a40       0x98 ./Drivers/STM32G4xx_HAL_Driver/Src/stm32g4xx_hal_rcc.o
 .debug_aranges
                0x0000000000000ad8       0xb0 ./Drivers/STM32G4xx_HAL_Driver/Src/stm32g4xx_hal_rcc_ex.o
 .debug_aranges
                0x0000000000000b88      0x1d8 ./Drivers/STM32G4xx_HAL_Driver/Src/stm32g4xx_hal_spi.o
 .debug_aranges
                0x0000000000000d60      0x3e0 ./Drivers/STM32G4xx_HAL_Driver/Src/stm32g4xx_hal_tim.o
 .debug_aranges
                0x0000000000001140      0x240 ./Drivers/STM32G4xx_HAL_Driver/Src/stm32g4xx_hal_tim_ex.o

.debug_rnglists
                0x0000000000000000      0xf05
 .debug_rnglists
                0x0000000000000000       0x14 ./Core/Src/dz_pid.o
 .debug_rnglists
                0x0000000000000014       0x4f ./Core/Src/encoder.o
 .debug_rnglists
                0x0000000000000063       0x25 ./Core/Src/encoder_init.o
 .debug_rnglists
                0x0000000000000088       0x63 ./Core/Src/main.o
 .debug_rnglists
                0x00000000000000eb       0x41 ./Core/Src/stm32g4xx_hal_msp.o
 .debug_rnglists
                0x000000000000012c       0x49 ./Core/Src/stm32g4xx_it.o
 .debug_rnglists
                0x0000000000000175       0x1a ./Core/Src/system_stm32g4xx.o
 .debug_rnglists
                0x000000000000018f       0x19 ./Core/Startup/startup_stm32g431rbtx.o
 .debug_rnglists
                0x00000000000001a8       0xdf ./Drivers/STM32G4xx_HAL_Driver/Src/stm32g4xx_hal.o
 .debug_rnglists
                0x0000000000000287      0x1c0 ./Drivers/STM32G4xx_HAL_Driver/Src/stm32g4xx_hal_adc.o
 .debug_rnglists
                0x0000000000000447      0x15a ./Drivers/STM32G4xx_HAL_Driver/Src/stm32g4xx_hal_adc_ex.o
 .debug_rnglists
                0x00000000000005a1       0xce ./Drivers/STM32G4xx_HAL_Driver/Src/stm32g4xx_hal_cortex.o
 .debug_rnglists
                0x000000000000066f       0x3f ./Drivers/STM32G4xx_HAL_Driver/Src/stm32g4xx_hal_gpio.o
 .debug_rnglists
                0x00000000000006ae       0xf1 ./Drivers/STM32G4xx_HAL_Driver/Src/stm32g4xx_hal_pwr_ex.o
 .debug_rnglists
                0x000000000000079f       0x74 ./Drivers/STM32G4xx_HAL_Driver/Src/stm32g4xx_hal_rcc.o
 .debug_rnglists
                0x0000000000000813       0x87 ./Drivers/STM32G4xx_HAL_Driver/Src/stm32g4xx_hal_rcc_ex.o
 .debug_rnglists
                0x000000000000089a      0x178 ./Drivers/STM32G4xx_HAL_Driver/Src/stm32g4xx_hal_spi.o
 .debug_rnglists
                0x0000000000000a12      0x328 ./Drivers/STM32G4xx_HAL_Driver/Src/stm32g4xx_hal_tim.o
 .debug_rnglists
                0x0000000000000d3a      0x1cb ./Drivers/STM32G4xx_HAL_Driver/Src/stm32g4xx_hal_tim_ex.o

.debug_macro    0x0000000000000000    0x1f4a2
 .debug_macro   0x0000000000000000       0x6c ./Core/Src/dz_pid.o
 .debug_macro   0x000000000000006c      0xaa8 ./Core/Src/dz_pid.o
 .debug_macro   0x0000000000000b14       0x1c ./Core/Src/dz_pid.o
 .debug_macro   0x0000000000000b30       0x22 ./Core/Src/dz_pid.o
 .debug_macro   0x0000000000000b52       0x8e ./Core/Src/dz_pid.o
 .debug_macro   0x0000000000000be0       0x51 ./Core/Src/dz_pid.o
 .debug_macro   0x0000000000000c31      0x103 ./Core/Src/dz_pid.o
 .debug_macro   0x0000000000000d34       0x6a ./Core/Src/dz_pid.o
 .debug_macro   0x0000000000000d9e      0x1df ./Core/Src/dz_pid.o
 .debug_macro   0x0000000000000f7d       0x93 ./Core/Src/encoder.o
 .debug_macro   0x0000000000001010       0x22 ./Core/Src/encoder.o
 .debug_macro   0x0000000000001032       0x58 ./Core/Src/encoder.o
 .debug_macro   0x000000000000108a      0x20a ./Core/Src/encoder_init.o
 .debug_macro   0x0000000000001294      0x161 ./Core/Src/encoder_init.o
 .debug_macro   0x00000000000013f5       0x2e ./Core/Src/encoder_init.o
 .debug_macro   0x0000000000001423       0x28 ./Core/Src/encoder_init.o
 .debug_macro   0x000000000000144b       0x1c ./Core/Src/encoder_init.o
 .debug_macro   0x0000000000001467       0x22 ./Core/Src/encoder_init.o
 .debug_macro   0x0000000000001489       0xfb ./Core/Src/encoder_init.o
 .debug_macro   0x0000000000001584     0x1011 ./Core/Src/encoder_init.o
 .debug_macro   0x0000000000002595      0x11f ./Core/Src/encoder_init.o
 .debug_macro   0x00000000000026b4    0x11396 ./Core/Src/encoder_init.o
 .debug_macro   0x0000000000013a4a       0x6d ./Core/Src/encoder_init.o
 .debug_macro   0x0000000000013ab7     0x3554 ./Core/Src/encoder_init.o
 .debug_macro   0x000000000001700b      0x174 ./Core/Src/encoder_init.o
 .debug_macro   0x000000000001717f       0x5c ./Core/Src/encoder_init.o
 .debug_macro   0x00000000000171db     0x141d ./Core/Src/encoder_init.o
 .debug_macro   0x00000000000185f8      0x535 ./Core/Src/encoder_init.o
 .debug_macro   0x0000000000018b2d      0x1b6 ./Core/Src/encoder_init.o
 .debug_macro   0x0000000000018ce3      0x288 ./Core/Src/encoder_init.o
 .debug_macro   0x0000000000018f6b      0x41d ./Core/Src/encoder_init.o
 .debug_macro   0x0000000000019388      0x18b ./Core/Src/encoder_init.o
 .debug_macro   0x0000000000019513       0x43 ./Core/Src/encoder_init.o
 .debug_macro   0x0000000000019556      0x23d ./Core/Src/encoder_init.o
 .debug_macro   0x0000000000019793     0x10fd ./Core/Src/encoder_init.o
 .debug_macro   0x000000000001a890      0x72e ./Core/Src/encoder_init.o
 .debug_macro   0x000000000001afbe      0x391 ./Core/Src/encoder_init.o
 .debug_macro   0x000000000001b34f      0x211 ./Core/Src/encoder_init.o
 .debug_macro   0x000000000001b560      0x401 ./Core/Src/encoder_init.o
 .debug_macro   0x000000000001b961      0x107 ./Core/Src/encoder_init.o
 .debug_macro   0x000000000001ba68      0x122 ./Core/Src/encoder_init.o
 .debug_macro   0x000000000001bb8a      0x3d1 ./Core/Src/encoder_init.o
 .debug_macro   0x000000000001bf5b      0x2fe ./Core/Src/encoder_init.o
 .debug_macro   0x000000000001c259      0xbbe ./Core/Src/encoder_init.o
 .debug_macro   0x000000000001ce17      0x47e ./Core/Src/encoder_init.o
 .debug_macro   0x000000000001d295      0x306 ./Core/Src/encoder_init.o
 .debug_macro   0x000000000001d59b       0x34 ./Core/Src/encoder_init.o
 .debug_macro   0x000000000001d5cf      0x245 ./Core/Src/main.o
 .debug_macro   0x000000000001d814      0x201 ./Core/Src/stm32g4xx_hal_msp.o
 .debug_macro   0x000000000001da15      0x20b ./Core/Src/stm32g4xx_it.o
 .debug_macro   0x000000000001dc20      0x1f2 ./Core/Src/system_stm32g4xx.o
 .debug_macro   0x000000000001de12      0x240 ./Drivers/STM32G4xx_HAL_Driver/Src/stm32g4xx_hal.o
 .debug_macro   0x000000000001e052      0x20f ./Drivers/STM32G4xx_HAL_Driver/Src/stm32g4xx_hal_adc.o
 .debug_macro   0x000000000001e261      0x1fe ./Drivers/STM32G4xx_HAL_Driver/Src/stm32g4xx_hal_adc_ex.o
 .debug_macro   0x000000000001e45f      0x1f2 ./Drivers/STM32G4xx_HAL_Driver/Src/stm32g4xx_hal_cortex.o
 .debug_macro   0x000000000001e651      0x1f9 ./Drivers/STM32G4xx_HAL_Driver/Src/stm32g4xx_hal_gpio.o
 .debug_macro   0x000000000001e84a      0x21c ./Drivers/STM32G4xx_HAL_Driver/Src/stm32g4xx_hal_pwr_ex.o
 .debug_macro   0x000000000001ea66      0x234 ./Drivers/STM32G4xx_HAL_Driver/Src/stm32g4xx_hal_rcc.o
 .debug_macro   0x000000000001ec9a      0x21c ./Drivers/STM32G4xx_HAL_Driver/Src/stm32g4xx_hal_rcc_ex.o
 .debug_macro   0x000000000001eeb6      0x1fa ./Drivers/STM32G4xx_HAL_Driver/Src/stm32g4xx_hal_spi.o
 .debug_macro   0x000000000001f0b0      0x1fa ./Drivers/STM32G4xx_HAL_Driver/Src/stm32g4xx_hal_tim.o
 .debug_macro   0x000000000001f2aa      0x1f8 ./Drivers/STM32G4xx_HAL_Driver/Src/stm32g4xx_hal_tim_ex.o

.debug_line     0x0000000000000000    0x136e4
 .debug_line    0x0000000000000000      0x3cb ./Core/Src/dz_pid.o
 .debug_line    0x00000000000003cb      0x4d4 ./Core/Src/encoder.o
 .debug_line    0x000000000000089f      0x792 ./Core/Src/encoder_init.o
 .debug_line    0x0000000000001031      0xc0a ./Core/Src/main.o
 .debug_line    0x0000000000001c3b      0x862 ./Core/Src/stm32g4xx_hal_msp.o
 .debug_line    0x000000000000249d      0x7c6 ./Core/Src/stm32g4xx_it.o
 .debug_line    0x0000000000002c63      0x755 ./Core/Src/system_stm32g4xx.o
 .debug_line    0x00000000000033b8       0x7b ./Core/Startup/startup_stm32g431rbtx.o
 .debug_line    0x0000000000003433      0xacc ./Drivers/STM32G4xx_HAL_Driver/Src/stm32g4xx_hal.o
 .debug_line    0x0000000000003eff     0x1e59 ./Drivers/STM32G4xx_HAL_Driver/Src/stm32g4xx_hal_adc.o
 .debug_line    0x0000000000005d58     0x18cf ./Drivers/STM32G4xx_HAL_Driver/Src/stm32g4xx_hal_adc_ex.o
 .debug_line    0x0000000000007627      0xc7f ./Drivers/STM32G4xx_HAL_Driver/Src/stm32g4xx_hal_cortex.o
 .debug_line    0x00000000000082a6      0xb0f ./Drivers/STM32G4xx_HAL_Driver/Src/stm32g4xx_hal_gpio.o
 .debug_line    0x0000000000008db5      0xc83 ./Drivers/STM32G4xx_HAL_Driver/Src/stm32g4xx_hal_pwr_ex.o
 .debug_line    0x0000000000009a38      0xedf ./Drivers/STM32G4xx_HAL_Driver/Src/stm32g4xx_hal_rcc.o
 .debug_line    0x000000000000a917     0x10a5 ./Drivers/STM32G4xx_HAL_Driver/Src/stm32g4xx_hal_rcc_ex.o
 .debug_line    0x000000000000b9bc     0x1f0e ./Drivers/STM32G4xx_HAL_Driver/Src/stm32g4xx_hal_spi.o
 .debug_line    0x000000000000d8ca     0x3dcb ./Drivers/STM32G4xx_HAL_Driver/Src/stm32g4xx_hal_tim.o
 .debug_line    0x0000000000011695     0x204f ./Drivers/STM32G4xx_HAL_Driver/Src/stm32g4xx_hal_tim_ex.o

.debug_str      0x0000000000000000    0xd3ca4
 .debug_str     0x0000000000000000     0x3c05 ./Core/Src/dz_pid.o
                                       0x3d6f (size before relaxing)
 .debug_str     0x0000000000003c05      0x4a3 ./Core/Src/encoder.o
                                       0x418b (size before relaxing)
 .debug_str     0x00000000000040a8    0xca169 ./Core/Src/encoder_init.o
                                      0xce4a1 (size before relaxing)
 .debug_str     0x00000000000ce211      0xd8e ./Core/Src/main.o
                                      0xcf40a (size before relaxing)
 .debug_str     0x00000000000cef9f      0x6f7 ./Core/Src/stm32g4xx_hal_msp.o
                                      0xcf04c (size before relaxing)
 .debug_str     0x00000000000cf696       0xf0 ./Core/Src/stm32g4xx_it.o
                                      0xce36b (size before relaxing)
 .debug_str     0x00000000000cf786       0xdb ./Core/Src/system_stm32g4xx.o
                                      0xcdde1 (size before relaxing)
 .debug_str     0x00000000000cf861       0x34 ./Core/Startup/startup_stm32g431rbtx.o
                                         0x6b (size before relaxing)
 .debug_str     0x00000000000cf895      0x5ac ./Drivers/STM32G4xx_HAL_Driver/Src/stm32g4xx_hal.o
                                      0xce8f9 (size before relaxing)
 .debug_str     0x00000000000cfe41      0xadc ./Drivers/STM32G4xx_HAL_Driver/Src/stm32g4xx_hal_adc.o
                                      0xcee32 (size before relaxing)
 .debug_str     0x00000000000d091d      0x65d ./Drivers/STM32G4xx_HAL_Driver/Src/stm32g4xx_hal_adc_ex.o
                                      0xceda8 (size before relaxing)
 .debug_str     0x00000000000d0f7a      0x313 ./Drivers/STM32G4xx_HAL_Driver/Src/stm32g4xx_hal_cortex.o
                                      0xce5a4 (size before relaxing)
 .debug_str     0x00000000000d128d      0x10e ./Drivers/STM32G4xx_HAL_Driver/Src/stm32g4xx_hal_gpio.o
                                      0xcdf6c (size before relaxing)
 .debug_str     0x00000000000d139b      0x495 ./Drivers/STM32G4xx_HAL_Driver/Src/stm32g4xx_hal_pwr_ex.o
                                      0xce2cf (size before relaxing)
 .debug_str     0x00000000000d1830      0x4e0 ./Drivers/STM32G4xx_HAL_Driver/Src/stm32g4xx_hal_rcc.o
                                      0xce4da (size before relaxing)
 .debug_str     0x00000000000d1d10      0x40b ./Drivers/STM32G4xx_HAL_Driver/Src/stm32g4xx_hal_rcc_ex.o
                                      0xce4db (size before relaxing)
 .debug_str     0x00000000000d211b      0x56c ./Drivers/STM32G4xx_HAL_Driver/Src/stm32g4xx_hal_spi.o
                                      0xce719 (size before relaxing)
 .debug_str     0x00000000000d2687      0xe37 ./Drivers/STM32G4xx_HAL_Driver/Src/stm32g4xx_hal_tim.o
                                      0xcf2cf (size before relaxing)
 .debug_str     0x00000000000d34be      0x7e6 ./Drivers/STM32G4xx_HAL_Driver/Src/stm32g4xx_hal_tim_ex.o
                                      0xcef53 (size before relaxing)

.debug_frame    0x0000000000000000     0x556c
 .debug_frame   0x0000000000000000       0x38 ./Core/Src/dz_pid.o
 .debug_frame   0x0000000000000038      0x1a0 ./Core/Src/encoder.o
 .debug_frame   0x00000000000001d8       0x9c ./Core/Src/encoder_init.o
 .debug_frame   0x0000000000000274      0x1c8 ./Core/Src/main.o
 .debug_frame   0x000000000000043c      0x130 ./Core/Src/stm32g4xx_hal_msp.o
 .debug_frame   0x000000000000056c      0x120 ./Core/Src/stm32g4xx_it.o
 .debug_frame   0x000000000000068c       0x58 ./Core/Src/system_stm32g4xx.o
 .debug_frame   0x00000000000006e4      0x4a0 ./Drivers/STM32G4xx_HAL_Driver/Src/stm32g4xx_hal.o
 .debug_frame   0x0000000000000b84      0xacc ./Drivers/STM32G4xx_HAL_Driver/Src/stm32g4xx_hal_adc.o
 .debug_frame   0x0000000000001650      0x81c ./Drivers/STM32G4xx_HAL_Driver/Src/stm32g4xx_hal_adc_ex.o
 .debug_frame   0x0000000000001e6c      0x498 ./Drivers/STM32G4xx_HAL_Driver/Src/stm32g4xx_hal_cortex.o
 .debug_frame   0x0000000000002304      0x14c ./Drivers/STM32G4xx_HAL_Driver/Src/stm32g4xx_hal_gpio.o
 .debug_frame   0x0000000000002450      0x4fc ./Drivers/STM32G4xx_HAL_Driver/Src/stm32g4xx_hal_pwr_ex.o
 .debug_frame   0x000000000000294c      0x23c ./Drivers/STM32G4xx_HAL_Driver/Src/stm32g4xx_hal_rcc.o
 .debug_frame   0x0000000000002b88      0x2ac ./Drivers/STM32G4xx_HAL_Driver/Src/stm32g4xx_hal_rcc_ex.o
 .debug_frame   0x0000000000002e34      0x860 ./Drivers/STM32G4xx_HAL_Driver/Src/stm32g4xx_hal_spi.o
 .debug_frame   0x0000000000003694     0x121c ./Drivers/STM32G4xx_HAL_Driver/Src/stm32g4xx_hal_tim.o
 .debug_frame   0x00000000000048b0      0xa68 ./Drivers/STM32G4xx_HAL_Driver/Src/stm32g4xx_hal_tim_ex.o
 .debug_frame   0x0000000000005318       0x20 /opt/st/stm32cubeide_1.13.2/plugins/com.st.stm32cube.ide.mcu.externaltools.gnu-tools-for-stm32.11.3.rel1.linux64_1.1.1.202309131626/tools/bin/../lib/gcc/arm-none-eabi/11.3.1/../../../../arm-none-eabi/lib/thumb/v7e-m+fp/hard/libc_nano.a(libc_a-memset.o)
 .debug_frame   0x0000000000005338       0x2c /opt/st/stm32cubeide_1.13.2/plugins/com.st.stm32cube.ide.mcu.externaltools.gnu-tools-for-stm32.11.3.rel1.linux64_1.1.1.202309131626/tools/bin/../lib/gcc/arm-none-eabi/11.3.1/../../../../arm-none-eabi/lib/thumb/v7e-m+fp/hard/libc_nano.a(libc_a-init.o)
 .debug_frame   0x0000000000005364       0xac /opt/st/stm32cubeide_1.13.2/plugins/com.st.stm32cube.ide.mcu.externaltools.gnu-tools-for-stm32.11.3.rel1.linux64_1.1.1.202309131626/tools/bin/../lib/gcc/arm-none-eabi/11.3.1/thumb/v7e-m+fp/hard/libgcc.a(_arm_addsubdf3.o)
 .debug_frame   0x0000000000005410       0x50 /opt/st/stm32cubeide_1.13.2/plugins/com.st.stm32cube.ide.mcu.externaltools.gnu-tools-for-stm32.11.3.rel1.linux64_1.1.1.202309131626/tools/bin/../lib/gcc/arm-none-eabi/11.3.1/thumb/v7e-m+fp/hard/libgcc.a(_arm_muldivdf3.o)
 .debug_frame   0x0000000000005460       0xc4 /opt/st/stm32cubeide_1.13.2/plugins/com.st.stm32cube.ide.mcu.externaltools.gnu-tools-for-stm32.11.3.rel1.linux64_1.1.1.202309131626/tools/bin/../lib/gcc/arm-none-eabi/11.3.1/thumb/v7e-m+fp/hard/libgcc.a(_arm_cmpdf2.o)
 .debug_frame   0x0000000000005524       0x24 /opt/st/stm32cubeide_1.13.2/plugins/com.st.stm32cube.ide.mcu.externaltools.gnu-tools-for-stm32.11.3.rel1.linux64_1.1.1.202309131626/tools/bin/../lib/gcc/arm-none-eabi/11.3.1/thumb/v7e-m+fp/hard/libgcc.a(_arm_fixdfsi.o)
 .debug_frame   0x0000000000005548       0x24 /opt/st/stm32cubeide_1.13.2/plugins/com.st.stm32cube.ide.mcu.externaltools.gnu-tools-for-stm32.11.3.rel1.linux64_1.1.1.202309131626/tools/bin/../lib/gcc/arm-none-eabi/11.3.1/thumb/v7e-m+fp/hard/libgcc.a(_arm_fixunsdfsi.o)

.debug_line_str
                0x0000000000000000       0x5f
 .debug_line_str
                0x0000000000000000       0x5f ./Core/Startup/startup_stm32g431rbtx.o
                                         0x77 (size before relaxing)
