../Core/Src/main.c:117:8:readHallPosition	16	static
../Core/Src/main.c:150:6:setMotorPosition	16	static
../Core/Src/main.c:209:10:getSpeed	16	static
../Core/Src/main.c:220:6:HAL_TIM_PeriodElapsedCallback	16	static
../Core/Src/main.c:248:5:main	8	static
../Core/Src/main.c:321:6:SystemClock_Config	88	static
../Core/Src/main.c:368:13:MX_ADC1_Init	56	static
../Core/Src/main.c:436:13:MX_SPI3_Init	8	static
../Core/Src/main.c:476:13:MX_TIM1_Init	120	static
../Core/Src/main.c:566:13:MX_TIM6_Init	24	static
../Core/Src/main.c:604:13:MX_TIM15_Init	40	static
../Core/Src/main.c:650:13:MX_GPIO_Init	48	static
../Core/Src/main.c:713:6:Error_Handler	4	static,ignoring_inline_asm
