../Core/Src/main.c:87:8:readHallPosition	16	static
../Core/Src/main.c:116:6:setMotorPosition	16	static
../Core/Src/main.c:187:16:is_evenParity	24	static
../Core/Src/main.c:198:10:calcAdress	24	static
../Core/Src/main.c:219:5:main	24	static
../Core/Src/main.c:320:6:SystemClock_Config	88	static
../Core/Src/main.c:367:13:MX_SPI3_Init	8	static
../Core/Src/main.c:407:13:MX_TIM1_Init	120	static
../Core/Src/main.c:497:13:MX_TIM15_Init	40	static
../Core/Src/main.c:543:13:MX_GPIO_Init	48	static
../Core/Src/main.c:606:6:Error_Handler	4	static,ignoring_inline_asm
